#
# There is insufficient memory for the Java Runtime Environment to continue.
# Native memory allocation (malloc) failed to allocate 1105216 bytes for Chunk::new
# Possible reasons:
#   The system is out of physical RAM or swap space
#   The process is running with CompressedOops enabled, and the Java Heap may be blocking the growth of the native heap
# Possible solutions:
#   Reduce memory load on the system
#   Increase physical memory or swap space
#   Check if swap backing store is full
#   Decrease Java heap size (-Xmx/-Xms)
#   Decrease number of Java threads
#   Decrease Java thread stack sizes (-Xss)
#   Set larger code cache with -XX:ReservedCodeCacheSize=
#   JVM is running with Zero Based Compressed Oops mode in which the Java heap is
#     placed in the first 32GB address space. The Java Heap base address is the
#     maximum limit for the native heap growth. Please use -XX:HeapBaseMinAddress
#     to set the Java Heap base and to place the Java Heap above 32GB virtual address.
# This output file may be truncated or incomplete.
#
#  Out of Memory Error (arena.cpp:189), pid=2580, tid=13840
#
# JRE version: Java(TM) SE Runtime Environment (17.0.18+8) (build 17.0.18+8-LTS-264)
# Java VM: Java HotSpot(TM) 64-Bit Server VM (17.0.18+8-LTS-264, mixed mode, sharing, tiered, compressed oops, compressed class ptrs, g1 gc, windows-amd64)
# No core dump will be written. Minidumps are not enabled by default on client versions of Windows
#

---------------  S U M M A R Y ------------

Command Line: --add-opens=java.base/java.lang=ALL-UNNAMED --add-opens=java.base/java.lang.invoke=ALL-UNNAMED --add-opens=java.base/java.util=ALL-UNNAMED --add-opens=java.prefs/java.util.prefs=ALL-UNNAMED --add-exports=jdk.compiler/com.sun.tools.javac.api=ALL-UNNAMED --add-exports=jdk.compiler/com.sun.tools.javac.util=ALL-UNNAMED --add-opens=java.base/java.util=ALL-UNNAMED --add-opens=java.prefs/java.util.prefs=ALL-UNNAMED --add-opens=java.base/java.nio.charset=ALL-UNNAMED --add-opens=java.base/java.net=ALL-UNNAMED --add-opens=java.base/java.util.concurrent.atomic=ALL-UNNAMED --add-opens=java.xml/javax.xml.namespace=ALL-UNNAMED -XX:MaxMetaspaceSize=512M -Xmx4096M -Dfile.encoding=UTF-8 -Duser.country=IN -Duser.language=en -Duser.variant -javaagent:C:\Users\Dinesh\.gradle\wrapper\dists\gradle-8.14-all\c2qonpi39x1mddn7hk5gh9iqj\gradle-8.14\lib\agents\gradle-instrumentation-agent-8.14.jar org.gradle.launcher.daemon.bootstrap.GradleDaemon 8.14

Host: 13th Gen Intel(R) Core(TM) i5-13420H, 12 cores, 15G,  Windows 11 , 64 bit Build 26100 (10.0.26100.7653)
Time: Mon Mar 30 11:50:18 2026 India Standard Time elapsed time: 94.083531 seconds (0d 0h 1m 34s)

---------------  T H R E A D  ---------------

Current thread (0x00000223585671f0):  JavaThread "C2 CompilerThread1" daemon [_thread_in_native, id=13840, stack(0x0000008d1bf00000,0x0000008d1c000000)]


Current CompileTask:
C2:  94083 16809       4       java.io.ObjectOutputStream::writeClassDesc (60 bytes)

Stack: [0x0000008d1bf00000,0x0000008d1c000000]
Native frames: (J=compiled Java code, j=interpreted, Vv=VM code, C=native code)
V  [jvm.dll+0x67ea1a]
V  [jvm.dll+0x7de97b]
V  [jvm.dll+0x7e02be]
V  [jvm.dll+0x7e0943]
V  [jvm.dll+0x247a9f]
V  [jvm.dll+0xaca25]
V  [jvm.dll+0xacfec]
V  [jvm.dll+0x2aed4f]
V  [jvm.dll+0x586758]
V  [jvm.dll+0x221e04]
V  [jvm.dll+0x2221fd]
V  [jvm.dll+0x21af3b]
V  [jvm.dll+0x218048]
V  [jvm.dll+0x1a4440]
V  [jvm.dll+0x22873e]
V  [jvm.dll+0x2268e6]
V  [jvm.dll+0x795657]
V  [jvm.dll+0x78fb5a]
V  [jvm.dll+0x67d8f5]
C  [ucrtbase.dll+0x37b0]
C  [KERNEL32.DLL+0x2e8d7]
C  [ntdll.dll+0x8c40c]


---------------  P R O C E S S  ---------------

Threads class SMR info:
_java_thread_list=0x000002234ac5d8b0, length=172, elements={
0x000002230225def0, 0x000002232547f530, 0x000002232547fdf0, 0x0000022325497310,
0x0000022325497bd0, 0x0000022325498490, 0x0000022325498d50, 0x000002232549b950,
0x000002232549c250, 0x000002232549cb50, 0x000002234118c780, 0x0000022341243fb0,
0x00000223472f72d0, 0x000002234658bee0, 0x0000022346214320, 0x0000022341ae46c0,
0x0000022341ae4b90, 0x0000022341417610, 0x00000223477a85a0, 0x00000223475e4540,
0x00000223475e7a30, 0x00000223475e6bc0, 0x00000223475e4a10, 0x00000223475e66f0,
0x00000223475e5880, 0x00000223475e7090, 0x00000223475e5d50, 0x00000223475e4ee0,
0x00000223475e53b0, 0x00000223475e4070, 0x00000223475e7560, 0x000002234996c3c0,
0x000002234996cd60, 0x000002234996d700, 0x000002234996c890, 0x000002234996d230,
0x000002234996bef0, 0x000002234996e0a0, 0x000002234996dbd0, 0x000002234996a6e0,
0x000002234996e570, 0x000002234996abb0, 0x000002234996ea40, 0x000002234996fd80,
0x000002234996f8b0, 0x0000022349970720, 0x0000022346661750, 0x00000223475e6220,
0x000002234a271bc0, 0x000002234a2703b0, 0x000002234a272090, 0x000002234a271220,
0x000002234a26f540, 0x000002234a272560, 0x000002234a270880, 0x000002234a2716f0,
0x000002234a272a30, 0x000002234a26fa10, 0x000002234a26fee0, 0x000002234a270d50,
0x000002234a26f070, 0x0000022349bab0a0, 0x0000022349baa700, 0x0000022349baa230,
0x0000022349bab570, 0x0000022349babf10, 0x0000022349bac3e0, 0x0000022349baba40,
0x0000022349bac8b0, 0x0000022349ba8ef0, 0x0000022349baabd0, 0x0000022349ba93c0,
0x0000022349ba9890, 0x0000022349ba9d60, 0x0000022358cf4990, 0x0000022358cf44c0,
0x0000022358cf3ff0, 0x0000022358cf1e40, 0x0000022358cf2310, 0x0000022358cf3180,
0x0000022358cf27e0, 0x0000022358cf0fd0, 0x000002234b316ac0, 0x000002234b316f90,
0x000002234b315780, 0x000002234b318c70, 0x000002234b319140, 0x000002234b317460,
0x000002234b315c50, 0x000002234665d8c0, 0x0000022346659f00, 0x000002234665f0d0,
0x0000022349aa7590, 0x0000022349aa6bf0, 0x0000022349aa8da0, 0x0000022349aa9740,
0x0000022349aa70c0, 0x0000022349aa9c10, 0x0000022349aa7f30, 0x0000022349aa7a60,
0x0000022349aa6720, 0x0000022349aa8400, 0x0000022349aa6250, 0x0000022349aaa0e0,
0x0000022349aaa5b0, 0x0000022349aabdc0, 0x0000022349aac290, 0x0000022349aaaa80,
0x0000022349aab420, 0x0000022349aaaf50, 0x0000022349aab8f0, 0x0000022349aa88d0,
0x0000022349aac760, 0x0000022349aacc30, 0x0000022349aad100, 0x0000022349aad5d0,
0x0000022349aadaa0, 0x0000022347fbe1c0, 0x0000022347fc0840, 0x0000022347fc0d10,
0x0000022347fbd350, 0x0000022347fbd820, 0x0000022347fc0370, 0x0000022347fbf030,
0x0000022347fbf500, 0x0000022347fbdcf0, 0x0000022347fc1b80, 0x0000022347fbf9d0,
0x0000022347fbe690, 0x0000022347fc16b0, 0x0000022347fc11e0, 0x0000022347fc3860,
0x0000022347fc3d30, 0x0000022347fc4200, 0x0000022347fbfea0, 0x0000022347fc46d0,
0x0000022347fc4ba0, 0x00000223585671f0, 0x000002234afc01a0, 0x000002234afc19b0,
0x000002234afc1010, 0x000002234afbe990, 0x000002234afc14e0, 0x000002234afc0b40,
0x000002234afbee60, 0x000002234afc2350, 0x000002234afc31c0, 0x000002234afc5840,
0x000002234afc2820, 0x000002234afc4500, 0x000002234afc2cf0, 0x000002234afc3b60,
0x000002234afc49d0, 0x000002234afc3690, 0x000002234afc4030, 0x000002234afc4ea0,
0x000002234afc5370, 0x000002234afc1e80, 0x000002234afc61e0, 0x000002234afc5d10,
0x0000022358564970, 0x0000022358de8800, 0x0000022358de74c0, 0x0000022358de8cd0,
0x0000022358de6650, 0x0000022358de6b20, 0x0000022358de7990, 0x0000022358de6ff0,
0x0000022358de7e60, 0x0000022358de8330, 0x0000022358de57e0, 0x0000022358de91a0
}

Java Threads: ( => current thread )
  0x000002230225def0 JavaThread "main" [_thread_blocked, id=19096, stack(0x0000008d1c300000,0x0000008d1c400000)]
  0x000002232547f530 JavaThread "Reference Handler" daemon [_thread_blocked, id=4960, stack(0x0000008d1ca00000,0x0000008d1cb00000)]
  0x000002232547fdf0 JavaThread "Finalizer" daemon [_thread_blocked, id=19388, stack(0x0000008d1cb00000,0x0000008d1cc00000)]
  0x0000022325497310 JavaThread "Signal Dispatcher" daemon [_thread_blocked, id=8176, stack(0x0000008d1cc00000,0x0000008d1cd00000)]
  0x0000022325497bd0 JavaThread "Attach Listener" daemon [_thread_blocked, id=17484, stack(0x0000008d1cd00000,0x0000008d1ce00000)]
  0x0000022325498490 JavaThread "Service Thread" daemon [_thread_blocked, id=19308, stack(0x0000008d1ce00000,0x0000008d1cf00000)]
  0x0000022325498d50 JavaThread "Monitor Deflation Thread" daemon [_thread_blocked, id=18644, stack(0x0000008d1cf00000,0x0000008d1d000000)]
  0x000002232549b950 JavaThread "C2 CompilerThread0" daemon [_thread_in_native, id=19232, stack(0x0000008d1d000000,0x0000008d1d100000)]
  0x000002232549c250 JavaThread "C1 CompilerThread0" daemon [_thread_blocked, id=2136, stack(0x0000008d1d100000,0x0000008d1d200000)]
  0x000002232549cb50 JavaThread "Sweeper thread" daemon [_thread_blocked, id=6996, stack(0x0000008d1d200000,0x0000008d1d300000)]
  0x000002234118c780 JavaThread "Common-Cleaner" daemon [_thread_blocked, id=12560, stack(0x0000008d1d300000,0x0000008d1d400000)]
  0x0000022341243fb0 JavaThread "Notification Thread" daemon [_thread_blocked, id=9296, stack(0x0000008d1d500000,0x0000008d1d600000)]
  0x00000223472f72d0 JavaThread "Daemon health stats" [_thread_blocked, id=16804, stack(0x0000008d1de00000,0x0000008d1df00000)]
  0x000002234658bee0 JavaThread "Incoming local TCP Connector on port 53028" [_thread_in_native, id=17844, stack(0x0000008d1df00000,0x0000008d1e000000)]
  0x0000022346214320 JavaThread "Daemon periodic checks" [_thread_blocked, id=4108, stack(0x0000008d1e000000,0x0000008d1e100000)]
  0x0000022341ae46c0 JavaThread "Daemon" [_thread_blocked, id=17336, stack(0x0000008d1e100000,0x0000008d1e200000)]
  0x0000022341ae4b90 JavaThread "Handler for socket connection from /127.0.0.1:53028 to /127.0.0.1:53029" [_thread_in_native, id=9908, stack(0x0000008d1e200000,0x0000008d1e300000)]
  0x0000022341417610 JavaThread "Cancel handler" [_thread_blocked, id=10920, stack(0x0000008d1e300000,0x0000008d1e400000)]
  0x00000223477a85a0 JavaThread "Daemon worker" [_thread_in_native, id=15232, stack(0x0000008d1e400000,0x0000008d1e500000)]
  0x00000223475e4540 JavaThread "Asynchronous log dispatcher for DefaultDaemonConnection: socket connection from /127.0.0.1:53028 to /127.0.0.1:53029" [_thread_blocked, id=18316, stack(0x0000008d1e500000,0x0000008d1e600000)]
  0x00000223475e7a30 JavaThread "Stdin handler" [_thread_blocked, id=18956, stack(0x0000008d1e600000,0x0000008d1e700000)]
  0x00000223475e6bc0 JavaThread "Daemon client event forwarder" [_thread_blocked, id=2236, stack(0x0000008d1e700000,0x0000008d1e800000)]
  0x00000223475e4a10 JavaThread "Cache worker for journal cache (C:\Users\Dinesh\.gradle\caches\journal-1)" [_thread_blocked, id=8848, stack(0x0000008d1e800000,0x0000008d1e900000)]
  0x00000223475e66f0 JavaThread "File lock request listener" [_thread_in_native, id=18412, stack(0x0000008d1e900000,0x0000008d1ea00000)]
  0x00000223475e5880 JavaThread "Cache worker for file hash cache (C:\Users\Dinesh\.gradle\caches\8.14\fileHashes)" [_thread_blocked, id=18856, stack(0x0000008d1ea00000,0x0000008d1eb00000)]
  0x00000223475e7090 JavaThread "Cache worker for file hash cache (D:\Python\SignSpeak\signspeak_flutter\android\.gradle\8.14\fileHashes)" [_thread_blocked, id=12608, stack(0x0000008d1eb00000,0x0000008d1ec00000)]
  0x00000223475e5d50 JavaThread "Cache worker for Build Output Cleanup Cache (D:\Python\SignSpeak\signspeak_flutter\android\.gradle\buildOutputCleanup)" [_thread_blocked, id=1764, stack(0x0000008d1ec00000,0x0000008d1ed00000)]
  0x00000223475e4ee0 JavaThread "File watcher server" daemon [_thread_in_native, id=11764, stack(0x0000008d1f200000,0x0000008d1f300000)]
  0x00000223475e53b0 JavaThread "File watcher consumer" daemon [_thread_blocked, id=17712, stack(0x0000008d1f300000,0x0000008d1f400000)]
  0x00000223475e4070 JavaThread "jar transforms" [_thread_blocked, id=6056, stack(0x0000008d1f400000,0x0000008d1f500000)]
  0x00000223475e7560 JavaThread "jar transforms Thread 2" [_thread_blocked, id=14860, stack(0x0000008d1f500000,0x0000008d1f600000)]
  0x000002234996c3c0 JavaThread "jar transforms Thread 3" [_thread_blocked, id=10108, stack(0x0000008d1f600000,0x0000008d1f700000)]
  0x000002234996cd60 JavaThread "jar transforms Thread 4" [_thread_blocked, id=16916, stack(0x0000008d1f900000,0x0000008d1fa00000)]
  0x000002234996d700 JavaThread "jar transforms Thread 5" [_thread_blocked, id=12328, stack(0x0000008d1fa00000,0x0000008d1fb00000)]
  0x000002234996c890 JavaThread "Cache worker for checksums cache (D:\Python\SignSpeak\signspeak_flutter\android\.gradle\8.14\checksums)" [_thread_blocked, id=16872, stack(0x0000008d1fb00000,0x0000008d1fc00000)]
  0x000002234996d230 JavaThread "Cache worker for file content cache (C:\Users\Dinesh\.gradle\caches\8.14\fileContent)" [_thread_blocked, id=15840, stack(0x0000008d1fc00000,0x0000008d1fd00000)]
  0x000002234996bef0 JavaThread "jar transforms Thread 6" [_thread_blocked, id=8248, stack(0x0000008d1fd00000,0x0000008d1fe00000)]
  0x000002234996e0a0 JavaThread "jar transforms Thread 7" [_thread_blocked, id=5012, stack(0x0000008d1fe00000,0x0000008d1ff00000)]
  0x000002234996dbd0 JavaThread "jar transforms Thread 8" [_thread_blocked, id=17348, stack(0x0000008d1ff00000,0x0000008d20000000)]
  0x000002234996a6e0 JavaThread "jar transforms Thread 9" [_thread_blocked, id=11788, stack(0x0000008d1f100000,0x0000008d1f200000)]
  0x000002234996e570 JavaThread "jar transforms Thread 10" [_thread_blocked, id=5144, stack(0x0000008d20000000,0x0000008d20100000)]
  0x000002234996abb0 JavaThread "jar transforms Thread 11" [_thread_blocked, id=16540, stack(0x0000008d20100000,0x0000008d20200000)]
  0x000002234996ea40 JavaThread "jar transforms Thread 12" [_thread_blocked, id=1044, stack(0x0000008d20200000,0x0000008d20300000)]
  0x000002234996fd80 JavaThread "Cache worker for cache directory md-supplier (C:\Users\Dinesh\.gradle\caches\8.14\md-supplier)" [_thread_blocked, id=5224, stack(0x0000008d1d400000,0x0000008d1d500000)]
  0x000002234996f8b0 JavaThread "Cache worker for cache directory md-rule (C:\Users\Dinesh\.gradle\caches\8.14\md-rule)" [_thread_blocked, id=6232, stack(0x0000008d20300000,0x0000008d20400000)]
  0x0000022349970720 JavaThread "Cache worker for Build Output Cleanup Cache (D:\Development\Flutter\flutter\packages\flutter_tools\gradle\.gradle\buildOutputCleanup)" [_thread_blocked, id=19120, stack(0x0000008d20500000,0x0000008d20600000)]
  0x0000022346661750 JavaThread "Unconstrained build operations" [_thread_blocked, id=6132, stack(0x0000008d20b00000,0x0000008d20c00000)]
  0x00000223475e6220 JavaThread "Unconstrained build operations Thread 2" [_thread_blocked, id=4944, stack(0x0000008d20c00000,0x0000008d20d00000)]
  0x000002234a271bc0 JavaThread "Unconstrained build operations Thread 3" [_thread_blocked, id=11184, stack(0x0000008d20d00000,0x0000008d20e00000)]
  0x000002234a2703b0 JavaThread "Unconstrained build operations Thread 4" [_thread_blocked, id=12060, stack(0x0000008d20e00000,0x0000008d20f00000)]
  0x000002234a272090 JavaThread "Unconstrained build operations Thread 5" [_thread_blocked, id=17436, stack(0x0000008d20f00000,0x0000008d21000000)]
  0x000002234a271220 JavaThread "Unconstrained build operations Thread 6" [_thread_blocked, id=16880, stack(0x0000008d21000000,0x0000008d21100000)]
  0x000002234a26f540 JavaThread "Unconstrained build operations Thread 7" [_thread_blocked, id=9740, stack(0x0000008d21100000,0x0000008d21200000)]
  0x000002234a272560 JavaThread "Unconstrained build operations Thread 8" [_thread_blocked, id=8044, stack(0x0000008d21200000,0x0000008d21300000)]
  0x000002234a270880 JavaThread "Unconstrained build operations Thread 9" [_thread_blocked, id=18300, stack(0x0000008d21300000,0x0000008d21400000)]
  0x000002234a2716f0 JavaThread "Unconstrained build operations Thread 10" [_thread_blocked, id=18580, stack(0x0000008d21400000,0x0000008d21500000)]
  0x000002234a272a30 JavaThread "Unconstrained build operations Thread 11" [_thread_blocked, id=14984, stack(0x0000008d21500000,0x0000008d21600000)]
  0x000002234a26fa10 JavaThread "Unconstrained build operations Thread 12" [_thread_blocked, id=16680, stack(0x0000008d21600000,0x0000008d21700000)]
  0x000002234a26fee0 JavaThread "Unconstrained build operations Thread 13" [_thread_blocked, id=12672, stack(0x0000008d21700000,0x0000008d21800000)]
  0x000002234a270d50 JavaThread "Unconstrained build operations Thread 14" [_thread_blocked, id=18312, stack(0x0000008d21800000,0x0000008d21900000)]
  0x000002234a26f070 JavaThread "Unconstrained build operations Thread 15" [_thread_blocked, id=18380, stack(0x0000008d21900000,0x0000008d21a00000)]
  0x0000022349bab0a0 JavaThread "Unconstrained build operations Thread 16" [_thread_blocked, id=12624, stack(0x0000008d21a00000,0x0000008d21b00000)]
  0x0000022349baa700 JavaThread "Unconstrained build operations Thread 17" [_thread_blocked, id=18852, stack(0x0000008d21b00000,0x0000008d21c00000)]
  0x0000022349baa230 JavaThread "Unconstrained build operations Thread 18" [_thread_blocked, id=12284, stack(0x0000008d21c00000,0x0000008d21d00000)]
  0x0000022349bab570 JavaThread "Unconstrained build operations Thread 19" [_thread_blocked, id=7112, stack(0x0000008d21d00000,0x0000008d21e00000)]
  0x0000022349babf10 JavaThread "Unconstrained build operations Thread 20" [_thread_blocked, id=16048, stack(0x0000008d21e00000,0x0000008d21f00000)]
  0x0000022349bac3e0 JavaThread "Unconstrained build operations Thread 21" [_thread_blocked, id=8492, stack(0x0000008d21f00000,0x0000008d22000000)]
  0x0000022349baba40 JavaThread "Unconstrained build operations Thread 22" [_thread_blocked, id=18288, stack(0x0000008d22000000,0x0000008d22100000)]
  0x0000022349bac8b0 JavaThread "Unconstrained build operations Thread 23" [_thread_blocked, id=7072, stack(0x0000008d22100000,0x0000008d22200000)]
  0x0000022349ba8ef0 JavaThread "Unconstrained build operations Thread 24" [_thread_blocked, id=2120, stack(0x0000008d22200000,0x0000008d22300000)]
  0x0000022349baabd0 JavaThread "Unconstrained build operations Thread 25" [_thread_blocked, id=11552, stack(0x0000008d22300000,0x0000008d22400000)]
  0x0000022349ba93c0 JavaThread "Unconstrained build operations Thread 26" [_thread_blocked, id=9488, stack(0x0000008d22400000,0x0000008d22500000)]
  0x0000022349ba9890 JavaThread "Unconstrained build operations Thread 27" [_thread_blocked, id=8348, stack(0x0000008d22500000,0x0000008d22600000)]
  0x0000022349ba9d60 JavaThread "Unconstrained build operations Thread 28" [_thread_blocked, id=10592, stack(0x0000008d22600000,0x0000008d22700000)]
  0x0000022358cf4990 JavaThread "Unconstrained build operations Thread 29" [_thread_blocked, id=17304, stack(0x0000008d22700000,0x0000008d22800000)]
  0x0000022358cf44c0 JavaThread "Unconstrained build operations Thread 30" [_thread_blocked, id=14224, stack(0x0000008d22800000,0x0000008d22900000)]
  0x0000022358cf3ff0 JavaThread "Unconstrained build operations Thread 31" [_thread_blocked, id=14544, stack(0x0000008d22900000,0x0000008d22a00000)]
  0x0000022358cf1e40 JavaThread "Unconstrained build operations Thread 32" [_thread_blocked, id=18328, stack(0x0000008d22a00000,0x0000008d22b00000)]
  0x0000022358cf2310 JavaThread "Unconstrained build operations Thread 33" [_thread_blocked, id=4596, stack(0x0000008d22b00000,0x0000008d22c00000)]
  0x0000022358cf3180 JavaThread "Memory manager" [_thread_blocked, id=13328, stack(0x0000008d22c00000,0x0000008d22d00000)]
  0x0000022358cf27e0 JavaThread "build event listener" [_thread_blocked, id=14748, stack(0x0000008d22f00000,0x0000008d23000000)]
  0x0000022358cf0fd0 JavaThread "Kotlin DSL Writer" [_thread_blocked, id=4752, stack(0x0000008d23000000,0x0000008d23100000)]
  0x000002234b316ac0 JavaThread "included builds" [_thread_blocked, id=18676, stack(0x0000008d23100000,0x0000008d23200000)]
  0x000002234b316f90 JavaThread "Execution worker" [_thread_blocked, id=14564, stack(0x0000008d23200000,0x0000008d23300000)]
  0x000002234b315780 JavaThread "Execution worker Thread 2" [_thread_blocked, id=2904, stack(0x0000008d23300000,0x0000008d23400000)]
  0x000002234b318c70 JavaThread "Execution worker Thread 3" [_thread_blocked, id=13888, stack(0x0000008d23400000,0x0000008d23500000)]
  0x000002234b319140 JavaThread "Execution worker Thread 4" [_thread_blocked, id=9920, stack(0x0000008d23500000,0x0000008d23600000)]
  0x000002234b317460 JavaThread "Execution worker Thread 5" [_thread_blocked, id=17220, stack(0x0000008d23600000,0x0000008d23700000)]
  0x000002234b315c50 JavaThread "Execution worker Thread 6" [_thread_blocked, id=19076, stack(0x0000008d23700000,0x0000008d23800000)]
  0x000002234665d8c0 JavaThread "Execution worker Thread 7" [_thread_blocked, id=2932, stack(0x0000008d23800000,0x0000008d23900000)]
  0x0000022346659f00 JavaThread "Execution worker Thread 8" [_thread_blocked, id=13884, stack(0x0000008d23900000,0x0000008d23a00000)]
  0x000002234665f0d0 JavaThread "Execution worker Thread 9" [_thread_blocked, id=1752, stack(0x0000008d23a00000,0x0000008d23b00000)]
  0x0000022349aa7590 JavaThread "Execution worker Thread 10" [_thread_blocked, id=19072, stack(0x0000008d23b00000,0x0000008d23c00000)]
  0x0000022349aa6bf0 JavaThread "Execution worker Thread 11" [_thread_blocked, id=15428, stack(0x0000008d23c00000,0x0000008d23d00000)]
  0x0000022349aa8da0 JavaThread "Cache worker for execution history cache (D:\Development\Flutter\flutter\packages\flutter_tools\gradle\.gradle\8.14\executionHistory)" [_thread_blocked, id=3708, stack(0x0000008d23d00000,0x0000008d23e00000)]
  0x0000022349aa9740 JavaThread "Unconstrained build operations Thread 34" [_thread_blocked, id=11896, stack(0x0000008d23e00000,0x0000008d23f00000)]
  0x0000022349aa70c0 JavaThread "Unconstrained build operations Thread 35" [_thread_blocked, id=5140, stack(0x0000008d23f00000,0x0000008d24000000)]
  0x0000022349aa9c10 JavaThread "Unconstrained build operations Thread 36" [_thread_blocked, id=3752, stack(0x0000008d24000000,0x0000008d24100000)]
  0x0000022349aa7f30 JavaThread "Unconstrained build operations Thread 37" [_thread_blocked, id=8188, stack(0x0000008d24100000,0x0000008d24200000)]
  0x0000022349aa7a60 JavaThread "Unconstrained build operations Thread 38" [_thread_blocked, id=18524, stack(0x0000008d24200000,0x0000008d24300000)]
  0x0000022349aa6720 JavaThread "Unconstrained build operations Thread 39" [_thread_blocked, id=6168, stack(0x0000008d24300000,0x0000008d24400000)]
  0x0000022349aa8400 JavaThread "Unconstrained build operations Thread 40" [_thread_blocked, id=10728, stack(0x0000008d24400000,0x0000008d24500000)]
  0x0000022349aa6250 JavaThread "Unconstrained build operations Thread 41" [_thread_blocked, id=1604, stack(0x0000008d24500000,0x0000008d24600000)]
  0x0000022349aaa0e0 JavaThread "Unconstrained build operations Thread 42" [_thread_blocked, id=2216, stack(0x0000008d24600000,0x0000008d24700000)]
  0x0000022349aaa5b0 JavaThread "Unconstrained build operations Thread 43" [_thread_blocked, id=10844, stack(0x0000008d24700000,0x0000008d24800000)]
  0x0000022349aabdc0 JavaThread "Unconstrained build operations Thread 44" [_thread_blocked, id=6516, stack(0x0000008d24800000,0x0000008d24900000)]
  0x0000022349aac290 JavaThread "Unconstrained build operations Thread 45" [_thread_blocked, id=15456, stack(0x0000008d24900000,0x0000008d24a00000)]
  0x0000022349aaaa80 JavaThread "Unconstrained build operations Thread 46" [_thread_blocked, id=9880, stack(0x0000008d24a00000,0x0000008d24b00000)]
  0x0000022349aab420 JavaThread "Unconstrained build operations Thread 47" [_thread_blocked, id=18244, stack(0x0000008d24b00000,0x0000008d24c00000)]
  0x0000022349aaaf50 JavaThread "Unconstrained build operations Thread 48" [_thread_blocked, id=10668, stack(0x0000008d24c00000,0x0000008d24d00000)]
  0x0000022349aab8f0 JavaThread "Unconstrained build operations Thread 49" [_thread_blocked, id=12296, stack(0x0000008d24d00000,0x0000008d24e00000)]
  0x0000022349aa88d0 JavaThread "Unconstrained build operations Thread 50" [_thread_blocked, id=18820, stack(0x0000008d24e00000,0x0000008d24f00000)]
  0x0000022349aac760 JavaThread "Unconstrained build operations Thread 51" [_thread_blocked, id=13304, stack(0x0000008d24f00000,0x0000008d25000000)]
  0x0000022349aacc30 JavaThread "Unconstrained build operations Thread 52" [_thread_blocked, id=9456, stack(0x0000008d25000000,0x0000008d25100000)]
  0x0000022349aad100 JavaThread "Unconstrained build operations Thread 53" [_thread_blocked, id=7428, stack(0x0000008d25100000,0x0000008d25200000)]
  0x0000022349aad5d0 JavaThread "Unconstrained build operations Thread 54" [_thread_blocked, id=16332, stack(0x0000008d25200000,0x0000008d25300000)]
  0x0000022349aadaa0 JavaThread "Unconstrained build operations Thread 55" [_thread_blocked, id=16864, stack(0x0000008d25300000,0x0000008d25400000)]
  0x0000022347fbe1c0 JavaThread "Unconstrained build operations Thread 56" [_thread_blocked, id=17148, stack(0x0000008d25400000,0x0000008d25500000)]
  0x0000022347fc0840 JavaThread "Unconstrained build operations Thread 57" [_thread_blocked, id=18016, stack(0x0000008d25500000,0x0000008d25600000)]
  0x0000022347fc0d10 JavaThread "Unconstrained build operations Thread 58" [_thread_blocked, id=2720, stack(0x0000008d25600000,0x0000008d25700000)]
  0x0000022347fbd350 JavaThread "Unconstrained build operations Thread 59" [_thread_blocked, id=3772, stack(0x0000008d25700000,0x0000008d25800000)]
  0x0000022347fbd820 JavaThread "Unconstrained build operations Thread 60" [_thread_blocked, id=15036, stack(0x0000008d25800000,0x0000008d25900000)]
  0x0000022347fc0370 JavaThread "Unconstrained build operations Thread 61" [_thread_blocked, id=18880, stack(0x0000008d25900000,0x0000008d25a00000)]
  0x0000022347fbf030 JavaThread "Unconstrained build operations Thread 62" [_thread_blocked, id=2736, stack(0x0000008d25a00000,0x0000008d25b00000)]
  0x0000022347fbf500 JavaThread "Unconstrained build operations Thread 63" [_thread_blocked, id=4196, stack(0x0000008d25b00000,0x0000008d25c00000)]
  0x0000022347fbdcf0 JavaThread "Unconstrained build operations Thread 64" [_thread_blocked, id=7952, stack(0x0000008d25c00000,0x0000008d25d00000)]
  0x0000022347fc1b80 JavaThread "Unconstrained build operations Thread 65" [_thread_blocked, id=10944, stack(0x0000008d25d00000,0x0000008d25e00000)]
  0x0000022347fbf9d0 JavaThread "Unconstrained build operations Thread 66" [_thread_blocked, id=11800, stack(0x0000008d25e00000,0x0000008d25f00000)]
  0x0000022347fbe690 JavaThread "Unconstrained build operations Thread 67" [_thread_blocked, id=16836, stack(0x0000008d25f00000,0x0000008d26000000)]
  0x0000022347fc16b0 JavaThread "Unconstrained build operations Thread 68" [_thread_blocked, id=11428, stack(0x0000008d26000000,0x0000008d26100000)]
  0x0000022347fc11e0 JavaThread "WorkerExecutor Queue" [_thread_blocked, id=13848, stack(0x0000008d26100000,0x0000008d26200000)]
  0x0000022347fc3860 JavaThread "RMI Scheduler(0)" daemon [_thread_blocked, id=10780, stack(0x0000008d26200000,0x0000008d26300000)]
  0x0000022347fc3d30 JavaThread "RMI GC Daemon" daemon [_thread_blocked, id=18916, stack(0x0000008d26400000,0x0000008d26500000)]
  0x0000022347fc4200 JavaThread "RMI RenewClean-[127.0.0.1:17255,org.jetbrains.kotlin.daemon.common.LoopbackNetworkInterface$ClientLoopbackSocketFactory@1518af2d]" daemon [_thread_blocked, id=17084, stack(0x0000008d26500000,0x0000008d26600000)]
  0x0000022347fbfea0 JavaThread "RMI TCP Accept-0" daemon [_thread_in_native, id=18736, stack(0x0000008d20600000,0x0000008d20700000)]
  0x0000022347fc46d0 JavaThread "RMI Reaper" [_thread_blocked, id=18360, stack(0x0000008d26300000,0x0000008d26400000)]
  0x0000022347fc4ba0 JavaThread "RMI TCP Connection(2)-127.0.0.1" daemon [_thread_in_native, id=7128, stack(0x0000008d26600000,0x0000008d26700000)]
=>0x00000223585671f0 JavaThread "C2 CompilerThread1" daemon [_thread_in_native, id=13840, stack(0x0000008d1bf00000,0x0000008d1c000000)]
  0x000002234afc01a0 JavaThread "Unconstrained build operations Thread 69" [_thread_blocked, id=15916, stack(0x0000008d1c000000,0x0000008d1c100000)]
  0x000002234afc19b0 JavaThread "Unconstrained build operations Thread 70" [_thread_blocked, id=14704, stack(0x0000008d1c100000,0x0000008d1c200000)]
  0x000002234afc1010 JavaThread "Unconstrained build operations Thread 71" [_thread_blocked, id=14228, stack(0x0000008d20400000,0x0000008d20500000)]
  0x000002234afbe990 JavaThread "Unconstrained build operations Thread 72" [_thread_blocked, id=2496, stack(0x0000008d26700000,0x0000008d26800000)]
  0x000002234afc14e0 JavaThread "Unconstrained build operations Thread 73" [_thread_blocked, id=2576, stack(0x0000008d26800000,0x0000008d26900000)]
  0x000002234afc0b40 JavaThread "Unconstrained build operations Thread 74" [_thread_blocked, id=15484, stack(0x0000008d26900000,0x0000008d26a00000)]
  0x000002234afbee60 JavaThread "Unconstrained build operations Thread 75" [_thread_blocked, id=11092, stack(0x0000008d26a00000,0x0000008d26b00000)]
  0x000002234afc2350 JavaThread "Unconstrained build operations Thread 76" [_thread_blocked, id=16400, stack(0x0000008d26b00000,0x0000008d26c00000)]
  0x000002234afc31c0 JavaThread "Unconstrained build operations Thread 77" [_thread_blocked, id=18280, stack(0x0000008d26c00000,0x0000008d26d00000)]
  0x000002234afc5840 JavaThread "Unconstrained build operations Thread 78" [_thread_blocked, id=11924, stack(0x0000008d26d00000,0x0000008d26e00000)]
  0x000002234afc2820 JavaThread "Unconstrained build operations Thread 79" [_thread_blocked, id=5368, stack(0x0000008d26e00000,0x0000008d26f00000)]
  0x000002234afc4500 JavaThread "Unconstrained build operations Thread 80" [_thread_blocked, id=15740, stack(0x0000008d26f00000,0x0000008d27000000)]
  0x000002234afc2cf0 JavaThread "Unconstrained build operations Thread 81" [_thread_blocked, id=11244, stack(0x0000008d27000000,0x0000008d27100000)]
  0x000002234afc3b60 JavaThread "Unconstrained build operations Thread 82" [_thread_blocked, id=6028, stack(0x0000008d27100000,0x0000008d27200000)]
  0x000002234afc49d0 JavaThread "Unconstrained build operations Thread 83" [_thread_blocked, id=3132, stack(0x0000008d27200000,0x0000008d27300000)]
  0x000002234afc3690 JavaThread "Unconstrained build operations Thread 84" [_thread_blocked, id=5804, stack(0x0000008d27300000,0x0000008d27400000)]
  0x000002234afc4030 JavaThread "Unconstrained build operations Thread 85" [_thread_blocked, id=19172, stack(0x0000008d27400000,0x0000008d27500000)]
  0x000002234afc4ea0 JavaThread "Unconstrained build operations Thread 86" [_thread_blocked, id=8056, stack(0x0000008d27500000,0x0000008d27600000)]
  0x000002234afc5370 JavaThread "Unconstrained build operations Thread 87" [_thread_blocked, id=15876, stack(0x0000008d27600000,0x0000008d27700000)]
  0x000002234afc1e80 JavaThread "Unconstrained build operations Thread 88" [_thread_blocked, id=7972, stack(0x0000008d27700000,0x0000008d27800000)]
  0x000002234afc61e0 JavaThread "Unconstrained build operations Thread 89" [_thread_blocked, id=13664, stack(0x0000008d27800000,0x0000008d27900000)]
  0x000002234afc5d10 JavaThread "Unconstrained build operations Thread 90" [_thread_blocked, id=16336, stack(0x0000008d27900000,0x0000008d27a00000)]
  0x0000022358564970 JavaThread "C2 CompilerThread2" daemon [_thread_in_native, id=15880, stack(0x0000008d27a00000,0x0000008d27b00000)]
  0x0000022358de8800 JavaThread "Unconstrained build operations Thread 91" [_thread_in_native, id=12628, stack(0x0000008d27b00000,0x0000008d27c00000)]
  0x0000022358de74c0 JavaThread "Unconstrained build operations Thread 92" [_thread_in_native, id=10684, stack(0x0000008d27c00000,0x0000008d27d00000)]
  0x0000022358de8cd0 JavaThread "Unconstrained build operations Thread 93" [_thread_in_native, id=14996, stack(0x0000008d27d00000,0x0000008d27e00000)]
  0x0000022358de6650 JavaThread "Unconstrained build operations Thread 94" [_thread_in_native, id=17020, stack(0x0000008d27e00000,0x0000008d27f00000)]
  0x0000022358de6b20 JavaThread "Unconstrained build operations Thread 95" [_thread_in_native, id=14424, stack(0x0000008d27f00000,0x0000008d28000000)]
  0x0000022358de7990 JavaThread "Unconstrained build operations Thread 96" [_thread_in_native, id=18028, stack(0x0000008d28000000,0x0000008d28100000)]
  0x0000022358de6ff0 JavaThread "Unconstrained build operations Thread 97" [_thread_in_native, id=1628, stack(0x0000008d28100000,0x0000008d28200000)]
  0x0000022358de7e60 JavaThread "Unconstrained build operations Thread 98" [_thread_in_native, id=14260, stack(0x0000008d28200000,0x0000008d28300000)]
  0x0000022358de8330 JavaThread "Unconstrained build operations Thread 99" [_thread_in_native, id=17816, stack(0x0000008d28300000,0x0000008d28400000)]
  0x0000022358de57e0 JavaThread "Unconstrained build operations Thread 100" [_thread_in_native, id=17032, stack(0x0000008d28400000,0x0000008d28500000)]
  0x0000022358de91a0 JavaThread "Unconstrained build operations Thread 101" [_thread_in_native, id=10444, stack(0x0000008d28500000,0x0000008d28600000)]

Other Threads:
  0x000002232547afd0 VMThread "VM Thread" [stack: 0x0000008d1c900000,0x0000008d1ca00000] [id=18080]
  0x00000223022e9500 WatcherThread [stack: 0x0000008d1d600000,0x0000008d1d700000] [id=15536]
  0x00000223022cb710 GCTaskThread "GC Thread#0" [stack: 0x0000008d1c400000,0x0000008d1c500000] [id=6012]
  0x000002234135c590 GCTaskThread "GC Thread#1" [stack: 0x0000008d1d800000,0x0000008d1d900000] [id=11000]
  0x00000223413848a0 GCTaskThread "GC Thread#2" [stack: 0x0000008d1d900000,0x0000008d1da00000] [id=1180]
  0x00000223413ad470 GCTaskThread "GC Thread#3" [stack: 0x0000008d1da00000,0x0000008d1db00000] [id=16928]
  0x00000223413ad730 GCTaskThread "GC Thread#4" [stack: 0x0000008d1db00000,0x0000008d1dc00000] [id=18576]
  0x00000223413930b0 GCTaskThread "GC Thread#5" [stack: 0x0000008d1dc00000,0x0000008d1dd00000] [id=8880]
  0x0000022346fcebf0 GCTaskThread "GC Thread#6" [stack: 0x0000008d1d700000,0x0000008d1d800000] [id=14828]
  0x000002234662ef30 GCTaskThread "GC Thread#7" [stack: 0x0000008d1dd00000,0x0000008d1de00000] [id=15816]
  0x000002234858d130 GCTaskThread "GC Thread#8" [stack: 0x0000008d1ed00000,0x0000008d1ee00000] [id=11308]
  0x000002234858c0b0 GCTaskThread "GC Thread#9" [stack: 0x0000008d1ee00000,0x0000008d1ef00000] [id=8876]
  0x00000223022dc570 ConcurrentGCThread "G1 Main Marker" [stack: 0x0000008d1c500000,0x0000008d1c600000] [id=9976]
  0x00000223022ddb60 ConcurrentGCThread "G1 Conc#0" [stack: 0x0000008d1c600000,0x0000008d1c700000] [id=8296]
  0x000002234858bb30 ConcurrentGCThread "G1 Conc#1" [stack: 0x0000008d1ef00000,0x0000008d1f000000] [id=7964]
  0x000002234858ce70 ConcurrentGCThread "G1 Conc#2" [stack: 0x0000008d1f000000,0x0000008d1f100000] [id=9380]
  0x00000223253a95e0 ConcurrentGCThread "G1 Refine#0" [stack: 0x0000008d1c700000,0x0000008d1c800000] [id=10836]
  0x00000223477d2040 ConcurrentGCThread "G1 Refine#1" [stack: 0x0000008d1f700000,0x0000008d1f800000] [id=17028]
  0x00000223477d34d0 ConcurrentGCThread "G1 Refine#2" [stack: 0x0000008d1f800000,0x0000008d1f900000] [id=8644]
  0x0000022349f88670 ConcurrentGCThread "G1 Refine#3" [stack: 0x0000008d20700000,0x0000008d20800000] [id=17800]
  0x0000022349f85190 ConcurrentGCThread "G1 Refine#4" [stack: 0x0000008d20800000,0x0000008d20900000] [id=1228]
  0x0000022349f874d0 ConcurrentGCThread "G1 Refine#5" [stack: 0x0000008d20900000,0x0000008d20a00000] [id=10940]
  0x0000022349f85480 ConcurrentGCThread "G1 Refine#6" [stack: 0x0000008d20a00000,0x0000008d20b00000] [id=10556]
  0x00000223253aacd0 ConcurrentGCThread "G1 Service" [stack: 0x0000008d1c800000,0x0000008d1c900000] [id=7344]

Threads with active compile tasks:
C2 CompilerThread0    95130 16580   !   4       java.io.ObjectOutputStream::writeOrdinaryObject (196 bytes)
C2 CompilerThread1    95130 16809       4       java.io.ObjectOutputStream::writeClassDesc (60 bytes)
C2 CompilerThread2    95130 16898       4       org.gradle.tooling.internal.provider.runner.ClientBuildEventGenerator::started (168 bytes)

VM state: not at safepoint (normal execution)

VM Mutex/Monitor currently owned by a thread: None

Heap address: 0x0000000700000000, size: 4096 MB, Compressed Oops mode: Zero based, Oop shift amount: 3

CDS archive(s) mapped at: [0x0000022326000000-0x0000022326bd0000-0x0000022326bd0000), size 12386304, SharedBaseAddress: 0x0000022326000000, ArchiveRelocationMode: 1.
Compressed class space mapped at: 0x0000022327000000-0x0000022341000000, reserved size: 436207616
Narrow klass base: 0x0000022326000000, Narrow klass shift: 0, Narrow klass range: 0x100000000

GC Precious Log:
 CPUs: 12 total, 12 available
 Memory: 16071M
 Large Page Support: Disabled
 NUMA Support: Disabled
 Compressed Oops: Enabled (Zero based)
 Heap Region Size: 2M
 Heap Min Capacity: 8M
 Heap Initial Capacity: 252M
 Heap Max Capacity: 4G
 Pre-touch: Disabled
 Parallel Workers: 10
 Concurrent Workers: 3
 Concurrent Refinement Workers: 10
 Periodic GC: Disabled

Heap:
 garbage-first heap   total 294912K, used 202529K [0x0000000700000000, 0x0000000800000000)
  region size 2048K, 36 young (73728K), 5 survivors (10240K)
 Metaspace       used 139661K, committed 140736K, reserved 557056K
  class space    used 18208K, committed 18688K, reserved 425984K

Heap Regions: E=young(eden), S=young(survivor), O=old, HS=humongous(starts), HC=humongous(continues), CS=collection set, F=free, OA=open archive, CA=closed archive, TAMS=top-at-mark-start (previous, next)
|   0|0x0000000700000000, 0x0000000700200000, 0x0000000700200000|100%|HS|  |TAMS 0x0000000700200000, 0x0000000700000000| Complete 
|   1|0x0000000700200000, 0x0000000700400000, 0x0000000700400000|100%|HC|  |TAMS 0x0000000700400000, 0x0000000700200000| Complete 
|   2|0x0000000700400000, 0x0000000700600000, 0x0000000700600000|100%| O|  |TAMS 0x0000000700600000, 0x0000000700400000| Untracked 
|   3|0x0000000700600000, 0x0000000700800000, 0x0000000700800000|100%| O|  |TAMS 0x0000000700800000, 0x0000000700600000| Untracked 
|   4|0x0000000700800000, 0x0000000700a00000, 0x0000000700a00000|100%| O|  |TAMS 0x0000000700a00000, 0x0000000700800000| Untracked 
|   5|0x0000000700a00000, 0x0000000700c00000, 0x0000000700c00000|100%| O|  |TAMS 0x0000000700c00000, 0x0000000700a00000| Untracked 
|   6|0x0000000700c00000, 0x0000000700e00000, 0x0000000700e00000|100%| O|  |TAMS 0x0000000700e00000, 0x0000000700c00000| Untracked 
|   7|0x0000000700e00000, 0x0000000701000000, 0x0000000701000000|100%| O|  |TAMS 0x0000000701000000, 0x0000000700e00000| Untracked 
|   8|0x0000000701000000, 0x0000000701200000, 0x0000000701200000|100%| O|  |TAMS 0x0000000701200000, 0x0000000701000000| Untracked 
|   9|0x0000000701200000, 0x0000000701400000, 0x0000000701400000|100%| O|  |TAMS 0x0000000701400000, 0x0000000701200000| Untracked 
|  10|0x0000000701400000, 0x0000000701600000, 0x0000000701600000|100%| O|  |TAMS 0x0000000701600000, 0x0000000701400000| Untracked 
|  11|0x0000000701600000, 0x0000000701800000, 0x0000000701800000|100%| O|  |TAMS 0x0000000701800000, 0x0000000701600000| Untracked 
|  12|0x0000000701800000, 0x0000000701a00000, 0x0000000701a00000|100%| O|  |TAMS 0x0000000701a00000, 0x0000000701800000| Untracked 
|  13|0x0000000701a00000, 0x0000000701c00000, 0x0000000701c00000|100%| O|  |TAMS 0x0000000701c00000, 0x0000000701a00000| Untracked 
|  14|0x0000000701c00000, 0x0000000701e00000, 0x0000000701e00000|100%| O|  |TAMS 0x0000000701e00000, 0x0000000701c00000| Untracked 
|  15|0x0000000701e00000, 0x0000000702000000, 0x0000000702000000|100%| O|  |TAMS 0x0000000702000000, 0x0000000701e00000| Untracked 
|  16|0x0000000702000000, 0x0000000702200000, 0x0000000702200000|100%| O|  |TAMS 0x0000000702200000, 0x0000000702000000| Untracked 
|  17|0x0000000702200000, 0x0000000702400000, 0x0000000702400000|100%| O|  |TAMS 0x0000000702400000, 0x0000000702200000| Untracked 
|  18|0x0000000702400000, 0x0000000702600000, 0x0000000702600000|100%| O|  |TAMS 0x0000000702600000, 0x0000000702400000| Untracked 
|  19|0x0000000702600000, 0x0000000702800000, 0x0000000702800000|100%| O|  |TAMS 0x0000000702800000, 0x0000000702600000| Untracked 
|  20|0x0000000702800000, 0x0000000702a00000, 0x0000000702a00000|100%| O|  |TAMS 0x0000000702800000, 0x0000000702800000| Untracked 
|  21|0x0000000702a00000, 0x0000000702c00000, 0x0000000702c00000|100%| O|  |TAMS 0x0000000702a00000, 0x0000000702a00000| Untracked 
|  22|0x0000000702c00000, 0x0000000702e00000, 0x0000000702e00000|100%| O|  |TAMS 0x0000000702c00000, 0x0000000702c00000| Untracked 
|  23|0x0000000702e00000, 0x0000000703000000, 0x0000000703000000|100%| O|  |TAMS 0x0000000703000000, 0x0000000702e00000| Untracked 
|  24|0x0000000703000000, 0x0000000703200000, 0x0000000703200000|100%| O|  |TAMS 0x0000000703200000, 0x0000000703000000| Untracked 
|  25|0x0000000703200000, 0x0000000703400000, 0x0000000703400000|100%| O|  |TAMS 0x0000000703400000, 0x0000000703200000| Untracked 
|  26|0x0000000703400000, 0x0000000703600000, 0x0000000703600000|100%| O|  |TAMS 0x0000000703600000, 0x0000000703400000| Untracked 
|  27|0x0000000703600000, 0x0000000703800000, 0x0000000703800000|100%| O|  |TAMS 0x0000000703800000, 0x0000000703600000| Untracked 
|  28|0x0000000703800000, 0x0000000703a00000, 0x0000000703a00000|100%| O|  |TAMS 0x0000000703a00000, 0x0000000703800000| Untracked 
|  29|0x0000000703a00000, 0x0000000703b5e200, 0x0000000703c00000| 68%| O|  |TAMS 0x0000000703b5e200, 0x0000000703a00000| Untracked 
|  30|0x0000000703c00000, 0x0000000703e00000, 0x0000000703e00000|100%| O|  |TAMS 0x0000000703c00000, 0x0000000703c00000| Untracked 
|  31|0x0000000703e00000, 0x0000000704000000, 0x0000000704000000|100%| O|  |TAMS 0x0000000703e00000, 0x0000000703e00000| Untracked 
|  32|0x0000000704000000, 0x0000000704200000, 0x0000000704200000|100%| O|  |TAMS 0x0000000704200000, 0x0000000704000000| Untracked 
|  33|0x0000000704200000, 0x0000000704400000, 0x0000000704400000|100%| O|  |TAMS 0x0000000704400000, 0x0000000704200000| Untracked 
|  34|0x0000000704400000, 0x0000000704600000, 0x0000000704600000|100%| O|  |TAMS 0x0000000704600000, 0x0000000704400000| Untracked 
|  35|0x0000000704600000, 0x0000000704800000, 0x0000000704800000|100%| O|  |TAMS 0x0000000704600000, 0x0000000704600000| Untracked 
|  36|0x0000000704800000, 0x0000000704a00000, 0x0000000704a00000|100%| O|  |TAMS 0x0000000704800000, 0x0000000704800000| Untracked 
|  37|0x0000000704a00000, 0x0000000704c00000, 0x0000000704c00000|100%| O|  |TAMS 0x0000000704a00000, 0x0000000704a00000| Untracked 
|  38|0x0000000704c00000, 0x0000000704e00000, 0x0000000704e00000|100%|HS|  |TAMS 0x0000000704c00000, 0x0000000704c00000| Complete 
|  39|0x0000000704e00000, 0x0000000705000000, 0x0000000705000000|100%|HS|  |TAMS 0x0000000704e00000, 0x0000000704e00000| Complete 
|  40|0x0000000705000000, 0x0000000705200000, 0x0000000705200000|100%|HS|  |TAMS 0x0000000705000000, 0x0000000705000000| Complete 
|  41|0x0000000705200000, 0x0000000705400000, 0x0000000705400000|100%|HC|  |TAMS 0x0000000705200000, 0x0000000705200000| Complete 
|  42|0x0000000705400000, 0x0000000705600000, 0x0000000705600000|100%| O|  |TAMS 0x0000000705400000, 0x0000000705400000| Untracked 
|  43|0x0000000705600000, 0x0000000705800000, 0x0000000705800000|100%| O|  |TAMS 0x0000000705600000, 0x0000000705600000| Untracked 
|  44|0x0000000705800000, 0x0000000705a00000, 0x0000000705a00000|100%| O|  |TAMS 0x0000000705800000, 0x0000000705800000| Untracked 
|  45|0x0000000705a00000, 0x0000000705c00000, 0x0000000705c00000|100%| O|  |TAMS 0x0000000705a00000, 0x0000000705a00000| Untracked 
|  46|0x0000000705c00000, 0x0000000705e00000, 0x0000000705e00000|100%|HS|  |TAMS 0x0000000705c00000, 0x0000000705c00000| Complete 
|  47|0x0000000705e00000, 0x0000000706000000, 0x0000000706000000|100%|HC|  |TAMS 0x0000000705e00000, 0x0000000705e00000| Complete 
|  48|0x0000000706000000, 0x0000000706200000, 0x0000000706200000|100%| O|  |TAMS 0x0000000706000000, 0x0000000706000000| Untracked 
|  49|0x0000000706200000, 0x0000000706400000, 0x0000000706400000|100%| O|  |TAMS 0x0000000706200000, 0x0000000706200000| Untracked 
|  50|0x0000000706400000, 0x0000000706600000, 0x0000000706600000|100%| O|  |TAMS 0x0000000706400000, 0x0000000706400000| Untracked 
|  51|0x0000000706600000, 0x0000000706800000, 0x0000000706800000|100%| O|  |TAMS 0x0000000706600000, 0x0000000706600000| Untracked 
|  52|0x0000000706800000, 0x0000000706a00000, 0x0000000706a00000|100%| O|  |TAMS 0x0000000706800000, 0x0000000706800000| Untracked 
|  53|0x0000000706a00000, 0x0000000706c00000, 0x0000000706c00000|100%| O|  |TAMS 0x0000000706a00000, 0x0000000706a00000| Untracked 
|  54|0x0000000706c00000, 0x0000000706e00000, 0x0000000706e00000|100%| O|  |TAMS 0x0000000706c00000, 0x0000000706c00000| Untracked 
|  55|0x0000000706e00000, 0x0000000707000000, 0x0000000707000000|100%| O|  |TAMS 0x0000000706e00000, 0x0000000706e00000| Untracked 
|  56|0x0000000707000000, 0x0000000707200000, 0x0000000707200000|100%| O|  |TAMS 0x0000000707000000, 0x0000000707000000| Untracked 
|  57|0x0000000707200000, 0x0000000707400000, 0x0000000707400000|100%| O|  |TAMS 0x0000000707200000, 0x0000000707200000| Untracked 
|  58|0x0000000707400000, 0x0000000707600000, 0x0000000707600000|100%| O|  |TAMS 0x0000000707400000, 0x0000000707400000| Untracked 
|  59|0x0000000707600000, 0x0000000707800000, 0x0000000707800000|100%| O|  |TAMS 0x0000000707600000, 0x0000000707600000| Untracked 
|  60|0x0000000707800000, 0x0000000707a00000, 0x0000000707a00000|100%| O|  |TAMS 0x0000000707800000, 0x0000000707800000| Untracked 
|  61|0x0000000707a00000, 0x0000000707c00000, 0x0000000707c00000|100%| O|  |TAMS 0x0000000707a00000, 0x0000000707a00000| Untracked 
|  62|0x0000000707c00000, 0x0000000707e00000, 0x0000000707e00000|100%| O|  |TAMS 0x0000000707c00000, 0x0000000707c00000| Untracked 
|  63|0x0000000707e00000, 0x0000000708000000, 0x0000000708000000|100%| O|  |TAMS 0x0000000707e00000, 0x0000000707e00000| Untracked 
|  64|0x0000000708000000, 0x00000007081b1200, 0x0000000708200000| 84%| O|  |TAMS 0x0000000708000000, 0x0000000708000000| Untracked 
|  65|0x0000000708200000, 0x0000000708200000, 0x0000000708400000|  0%| F|  |TAMS 0x0000000708200000, 0x0000000708200000| Untracked 
|  66|0x0000000708400000, 0x0000000708400000, 0x0000000708600000|  0%| F|  |TAMS 0x0000000708400000, 0x0000000708400000| Untracked 
|  67|0x0000000708600000, 0x0000000708600000, 0x0000000708800000|  0%| F|  |TAMS 0x0000000708600000, 0x0000000708600000| Untracked 
|  68|0x0000000708800000, 0x0000000708800000, 0x0000000708a00000|  0%| F|  |TAMS 0x0000000708800000, 0x0000000708800000| Untracked 
|  69|0x0000000708a00000, 0x0000000708a00000, 0x0000000708c00000|  0%| F|  |TAMS 0x0000000708a00000, 0x0000000708a00000| Untracked 
|  70|0x0000000708c00000, 0x0000000708c00000, 0x0000000708e00000|  0%| F|  |TAMS 0x0000000708c00000, 0x0000000708c00000| Untracked 
|  71|0x0000000708e00000, 0x0000000708e00000, 0x0000000709000000|  0%| F|  |TAMS 0x0000000708e00000, 0x0000000708e00000| Untracked 
|  72|0x0000000709000000, 0x0000000709000000, 0x0000000709200000|  0%| F|  |TAMS 0x0000000709000000, 0x0000000709000000| Untracked 
|  73|0x0000000709200000, 0x0000000709200000, 0x0000000709400000|  0%| F|  |TAMS 0x0000000709200000, 0x0000000709200000| Untracked 
|  74|0x0000000709400000, 0x0000000709400000, 0x0000000709600000|  0%| F|  |TAMS 0x0000000709400000, 0x0000000709400000| Untracked 
|  75|0x0000000709600000, 0x0000000709600000, 0x0000000709800000|  0%| F|  |TAMS 0x0000000709600000, 0x0000000709600000| Untracked 
|  76|0x0000000709800000, 0x0000000709800000, 0x0000000709a00000|  0%| F|  |TAMS 0x0000000709800000, 0x0000000709800000| Untracked 
|  77|0x0000000709a00000, 0x0000000709a00000, 0x0000000709c00000|  0%| F|  |TAMS 0x0000000709a00000, 0x0000000709a00000| Untracked 
|  78|0x0000000709c00000, 0x0000000709c00000, 0x0000000709e00000|  0%| F|  |TAMS 0x0000000709c00000, 0x0000000709c00000| Untracked 
|  79|0x0000000709e00000, 0x0000000709e00000, 0x000000070a000000|  0%| F|  |TAMS 0x0000000709e00000, 0x0000000709e00000| Untracked 
|  80|0x000000070a000000, 0x000000070a000000, 0x000000070a200000|  0%| F|  |TAMS 0x000000070a000000, 0x000000070a000000| Untracked 
|  81|0x000000070a200000, 0x000000070a200000, 0x000000070a400000|  0%| F|  |TAMS 0x000000070a200000, 0x000000070a200000| Untracked 
|  82|0x000000070a400000, 0x000000070a400000, 0x000000070a600000|  0%| F|  |TAMS 0x000000070a400000, 0x000000070a400000| Untracked 
|  83|0x000000070a600000, 0x000000070a6b9148, 0x000000070a800000| 36%| S|CS|TAMS 0x000000070a600000, 0x000000070a600000| Complete 
|  84|0x000000070a800000, 0x000000070a800000, 0x000000070aa00000|  0%| F|  |TAMS 0x000000070a800000, 0x000000070a800000| Untracked 
|  85|0x000000070aa00000, 0x000000070aa00000, 0x000000070ac00000|  0%| F|  |TAMS 0x000000070aa00000, 0x000000070aa00000| Untracked 
|  86|0x000000070ac00000, 0x000000070ac00000, 0x000000070ae00000|  0%| F|  |TAMS 0x000000070ac00000, 0x000000070ac00000| Untracked 
|  87|0x000000070ae00000, 0x000000070ae00000, 0x000000070b000000|  0%| F|  |TAMS 0x000000070ae00000, 0x000000070ae00000| Untracked 
|  88|0x000000070b000000, 0x000000070b000000, 0x000000070b200000|  0%| F|  |TAMS 0x000000070b000000, 0x000000070b000000| Untracked 
|  89|0x000000070b200000, 0x000000070b200000, 0x000000070b400000|  0%| F|  |TAMS 0x000000070b200000, 0x000000070b200000| Untracked 
|  90|0x000000070b400000, 0x000000070b400000, 0x000000070b600000|  0%| F|  |TAMS 0x000000070b400000, 0x000000070b400000| Untracked 
|  91|0x000000070b600000, 0x000000070b800000, 0x000000070b800000|100%| S|CS|TAMS 0x000000070b600000, 0x000000070b600000| Complete 
|  92|0x000000070b800000, 0x000000070ba00000, 0x000000070ba00000|100%| S|CS|TAMS 0x000000070b800000, 0x000000070b800000| Complete 
|  93|0x000000070ba00000, 0x000000070bc00000, 0x000000070bc00000|100%| S|CS|TAMS 0x000000070ba00000, 0x000000070ba00000| Complete 
|  94|0x000000070bc00000, 0x000000070be00000, 0x000000070be00000|100%| S|CS|TAMS 0x000000070bc00000, 0x000000070bc00000| Complete 
|  95|0x000000070be00000, 0x000000070be00000, 0x000000070c000000|  0%| F|  |TAMS 0x000000070be00000, 0x000000070be00000| Untracked 
|  96|0x000000070c000000, 0x000000070c000000, 0x000000070c200000|  0%| F|  |TAMS 0x000000070c000000, 0x000000070c000000| Untracked 
|  97|0x000000070c200000, 0x000000070c200000, 0x000000070c400000|  0%| F|  |TAMS 0x000000070c200000, 0x000000070c200000| Untracked 
|  98|0x000000070c400000, 0x000000070c400000, 0x000000070c600000|  0%| F|  |TAMS 0x000000070c400000, 0x000000070c400000| Untracked 
|  99|0x000000070c600000, 0x000000070c600000, 0x000000070c800000|  0%| F|  |TAMS 0x000000070c600000, 0x000000070c600000| Untracked 
| 100|0x000000070c800000, 0x000000070c800000, 0x000000070ca00000|  0%| F|  |TAMS 0x000000070c800000, 0x000000070c800000| Untracked 
| 101|0x000000070ca00000, 0x000000070ca00000, 0x000000070cc00000|  0%| F|  |TAMS 0x000000070ca00000, 0x000000070ca00000| Untracked 
| 102|0x000000070cc00000, 0x000000070cc00000, 0x000000070ce00000|  0%| F|  |TAMS 0x000000070cc00000, 0x000000070cc00000| Untracked 
| 103|0x000000070ce00000, 0x000000070ce00000, 0x000000070d000000|  0%| F|  |TAMS 0x000000070ce00000, 0x000000070ce00000| Untracked 
| 104|0x000000070d000000, 0x000000070d000000, 0x000000070d200000|  0%| F|  |TAMS 0x000000070d000000, 0x000000070d000000| Untracked 
| 105|0x000000070d200000, 0x000000070d200000, 0x000000070d400000|  0%| F|  |TAMS 0x000000070d200000, 0x000000070d200000| Untracked 
| 106|0x000000070d400000, 0x000000070d400000, 0x000000070d600000|  0%| F|  |TAMS 0x000000070d400000, 0x000000070d400000| Untracked 
| 107|0x000000070d600000, 0x000000070d600000, 0x000000070d800000|  0%| F|  |TAMS 0x000000070d600000, 0x000000070d600000| Untracked 
| 108|0x000000070d800000, 0x000000070d800000, 0x000000070da00000|  0%| F|  |TAMS 0x000000070d800000, 0x000000070d800000| Untracked 
| 109|0x000000070da00000, 0x000000070da00000, 0x000000070dc00000|  0%| F|  |TAMS 0x000000070da00000, 0x000000070da00000| Untracked 
| 110|0x000000070dc00000, 0x000000070dc00000, 0x000000070de00000|  0%| F|  |TAMS 0x000000070dc00000, 0x000000070dc00000| Untracked 
| 111|0x000000070de00000, 0x000000070de00000, 0x000000070e000000|  0%| F|  |TAMS 0x000000070de00000, 0x000000070de00000| Untracked 
| 112|0x000000070e000000, 0x000000070e000000, 0x000000070e200000|  0%| F|  |TAMS 0x000000070e000000, 0x000000070e000000| Untracked 
| 113|0x000000070e200000, 0x000000070e2bbca8, 0x000000070e400000| 36%| E|  |TAMS 0x000000070e200000, 0x000000070e200000| Complete 
| 114|0x000000070e400000, 0x000000070e600000, 0x000000070e600000|100%| E|CS|TAMS 0x000000070e400000, 0x000000070e400000| Complete 
| 115|0x000000070e600000, 0x000000070e800000, 0x000000070e800000|100%| E|CS|TAMS 0x000000070e600000, 0x000000070e600000| Complete 
| 116|0x000000070e800000, 0x000000070ea00000, 0x000000070ea00000|100%| E|CS|TAMS 0x000000070e800000, 0x000000070e800000| Complete 
| 117|0x000000070ea00000, 0x000000070ec00000, 0x000000070ec00000|100%| E|CS|TAMS 0x000000070ea00000, 0x000000070ea00000| Complete 
| 118|0x000000070ec00000, 0x000000070ee00000, 0x000000070ee00000|100%| E|CS|TAMS 0x000000070ec00000, 0x000000070ec00000| Complete 
| 119|0x000000070ee00000, 0x000000070f000000, 0x000000070f000000|100%| E|CS|TAMS 0x000000070ee00000, 0x000000070ee00000| Complete 
| 120|0x000000070f000000, 0x000000070f200000, 0x000000070f200000|100%| E|CS|TAMS 0x000000070f000000, 0x000000070f000000| Complete 
| 121|0x000000070f200000, 0x000000070f400000, 0x000000070f400000|100%| E|CS|TAMS 0x000000070f200000, 0x000000070f200000| Complete 
| 122|0x000000070f400000, 0x000000070f600000, 0x000000070f600000|100%| E|CS|TAMS 0x000000070f400000, 0x000000070f400000| Complete 
| 123|0x000000070f600000, 0x000000070f800000, 0x000000070f800000|100%| E|CS|TAMS 0x000000070f600000, 0x000000070f600000| Complete 
| 124|0x000000070f800000, 0x000000070fa00000, 0x000000070fa00000|100%| E|CS|TAMS 0x000000070f800000, 0x000000070f800000| Complete 
| 125|0x000000070fa00000, 0x000000070fc00000, 0x000000070fc00000|100%| E|CS|TAMS 0x000000070fa00000, 0x000000070fa00000| Complete 
| 126|0x000000070fc00000, 0x000000070fe00000, 0x000000070fe00000|100%| E|CS|TAMS 0x000000070fc00000, 0x000000070fc00000| Complete 
| 127|0x000000070fe00000, 0x0000000710000000, 0x0000000710000000|100%| E|CS|TAMS 0x000000070fe00000, 0x000000070fe00000| Complete 
| 128|0x0000000710000000, 0x0000000710200000, 0x0000000710200000|100%| E|CS|TAMS 0x0000000710000000, 0x0000000710000000| Complete 
| 129|0x0000000710200000, 0x0000000710400000, 0x0000000710400000|100%| E|CS|TAMS 0x0000000710200000, 0x0000000710200000| Complete 
| 130|0x0000000710400000, 0x0000000710600000, 0x0000000710600000|100%| E|CS|TAMS 0x0000000710400000, 0x0000000710400000| Complete 
| 131|0x0000000710600000, 0x0000000710800000, 0x0000000710800000|100%| E|CS|TAMS 0x0000000710600000, 0x0000000710600000| Complete 
| 132|0x0000000710800000, 0x0000000710a00000, 0x0000000710a00000|100%| E|CS|TAMS 0x0000000710800000, 0x0000000710800000| Complete 
| 133|0x0000000710a00000, 0x0000000710c00000, 0x0000000710c00000|100%| E|CS|TAMS 0x0000000710a00000, 0x0000000710a00000| Complete 
| 134|0x0000000710c00000, 0x0000000710e00000, 0x0000000710e00000|100%| E|CS|TAMS 0x0000000710c00000, 0x0000000710c00000| Complete 
| 135|0x0000000710e00000, 0x0000000711000000, 0x0000000711000000|100%| E|CS|TAMS 0x0000000710e00000, 0x0000000710e00000| Complete 
| 136|0x0000000711000000, 0x0000000711200000, 0x0000000711200000|100%| E|CS|TAMS 0x0000000711000000, 0x0000000711000000| Complete 
| 137|0x0000000711200000, 0x0000000711400000, 0x0000000711400000|100%| E|CS|TAMS 0x0000000711200000, 0x0000000711200000| Complete 
| 138|0x0000000711400000, 0x0000000711600000, 0x0000000711600000|100%| E|CS|TAMS 0x0000000711400000, 0x0000000711400000| Complete 
| 139|0x0000000711600000, 0x0000000711800000, 0x0000000711800000|100%| E|CS|TAMS 0x0000000711600000, 0x0000000711600000| Complete 
| 140|0x0000000711800000, 0x0000000711a00000, 0x0000000711a00000|100%| E|CS|TAMS 0x0000000711800000, 0x0000000711800000| Complete 
| 141|0x0000000711a00000, 0x0000000711c00000, 0x0000000711c00000|100%| E|CS|TAMS 0x0000000711a00000, 0x0000000711a00000| Complete 
| 142|0x0000000711c00000, 0x0000000711e00000, 0x0000000711e00000|100%| E|CS|TAMS 0x0000000711c00000, 0x0000000711c00000| Complete 
| 143|0x0000000711e00000, 0x0000000712000000, 0x0000000712000000|100%| E|CS|TAMS 0x0000000711e00000, 0x0000000711e00000| Complete 

Card table byte_map: [0x000002231a090000,0x000002231a890000] _byte_map_base: 0x0000022316890000

Marking Bits (Prev, Next): (CMBitMap*) 0x00000223022cbc80, (CMBitMap*) 0x00000223022cbc40
 Prev Bits: [0x000002231f090000, 0x0000022323090000)
 Next Bits: [0x000002231b090000, 0x000002231f090000)

Polling page: 0x0000022300640000

Metaspace:

Usage:
  Non-class:    118.61 MB used.
      Class:     17.78 MB used.
       Both:    136.39 MB used.

Virtual space:
  Non-class space:      128.00 MB reserved,     119.19 MB ( 93%) committed,  2 nodes.
      Class space:      416.00 MB reserved,      18.25 MB (  4%) committed,  1 nodes.
             Both:      544.00 MB reserved,     137.44 MB ( 25%) committed. 

Chunk freelists:
   Non-Class:  8.09 MB
       Class:  13.78 MB
        Both:  21.88 MB

MaxMetaspaceSize: 512.00 MB
CompressedClassSpaceSize: 416.00 MB
Initial GC threshold: 21.00 MB
Current GC threshold: 176.06 MB
CDS: on
MetaspaceReclaimPolicy: balanced
 - commit_granule_bytes: 65536.
 - commit_granule_words: 8192.
 - virtual_space_node_default_size: 8388608.
 - enlarge_chunks_in_place: 1.
 - new_chunks_are_fully_committed: 0.
 - uncommit_free_chunks: 1.
 - use_allocation_guard: 0.
 - handle_deallocations: 1.


Internal statistics:

num_allocs_failed_limit: 15.
num_arena_births: 1442.
num_arena_deaths: 0.
num_vsnodes_births: 3.
num_vsnodes_deaths: 0.
num_space_committed: 2197.
num_space_uncommitted: 0.
num_chunks_returned_to_freelist: 15.
num_chunks_taken_from_freelist: 7011.
num_chunk_merges: 15.
num_chunk_splits: 5004.
num_chunks_enlarged: 3726.
num_inconsistent_stats: 0.

CodeHeap 'non-profiled nmethods': size=120000Kb used=9645Kb max_used=9645Kb free=110354Kb
 bounds [0x00000223116e0000, 0x0000022312050000, 0x0000022318c10000]
CodeHeap 'profiled nmethods': size=120000Kb used=32178Kb max_used=32178Kb free=87821Kb
 bounds [0x0000022309c10000, 0x000002230bb80000, 0x0000022311140000]
CodeHeap 'non-nmethods': size=5760Kb used=2590Kb max_used=2633Kb free=3169Kb
 bounds [0x0000022311140000, 0x00000223113e0000, 0x00000223116e0000]
 total_blobs=16116 nmethods=14956 adapters=1069
 compilation: enabled
              stopped_count=0, restarted_count=0
 full_count=0

Compilation events (20 events):
Event: 93.069 Thread 0x000002232549c250 17001       3       org.gradle.internal.execution.steps.IdentityCacheStep$$Lambda$2225/0x0000022327e7dd00::<init> (20 bytes)
Event: 93.070 Thread 0x000002232549c250 nmethod 17001 0x000002230bb5e010 code [0x000002230bb5e1c0, 0x000002230bb5e458]
Event: 93.070 Thread 0x000002232549c250 17002       3       org.gradle.cache.internal.DefaultCrossBuildInMemoryCacheFactory$CrossBuildCacheRetainingDataFromPreviousBuild::get (18 bytes)
Event: 93.070 Thread 0x000002232549c250 nmethod 17002 0x000002230bb5e510 code [0x000002230bb5e700, 0x000002230bb5ec08]
Event: 93.070 Thread 0x000002232549c250 17003       3       org.gradle.cache.ManualEvictionInMemoryCache::get (12 bytes)
Event: 93.070 Thread 0x000002232549c250 nmethod 17003 0x000002230bb5ee10 code [0x000002230bb5efc0, 0x000002230bb5f1a8]
Event: 93.074 Thread 0x000002232549c250 17004       3       org.gradle.api.internal.artifacts.transform.TransformingAsyncArtifactListener$TransformedArtifact::description (36 bytes)
Event: 93.075 Thread 0x000002232549c250 nmethod 17004 0x000002230bb5f290 code [0x000002230bb5f500, 0x000002230bb5ff08]
Event: 93.075 Thread 0x000002232549c250 17005       3       org.gradle.api.internal.artifacts.transform.TransformingAsyncArtifactListener$TransformedArtifact::run (6 bytes)
Event: 93.075 Thread 0x000002232549c250 nmethod 17005 0x000002230bb60210 code [0x000002230bb603a0, 0x000002230bb604e8]
Event: 93.078 Thread 0x000002232549c250 17006       3       org.gradle.internal.execution.steps.AssignImmutableWorkspaceStep::execute (55 bytes)
Event: 93.079 Thread 0x000002232549c250 nmethod 17006 0x000002230bb60590 code [0x000002230bb60800, 0x000002230bb61678]
Event: 93.079 Thread 0x000002232549c250 17007       3       org.gradle.internal.execution.workspace.impl.CacheBasedImmutableWorkspaceProvider::getWorkspace (32 bytes)
Event: 93.080 Thread 0x000002232549c250 nmethod 17007 0x000002230bb61b10 code [0x000002230bb61ce0, 0x000002230bb62158]
Event: 93.080 Thread 0x000002232549c250 17008       3       org.gradle.internal.execution.workspace.impl.CacheBasedImmutableWorkspaceProvider$1::<init> (20 bytes)
Event: 93.080 Thread 0x000002232549c250 nmethod 17008 0x000002230bb62310 code [0x000002230bb624c0, 0x000002230bb62758]
Event: 93.080 Thread 0x000002232549c250 17009       3       org.gradle.internal.execution.steps.AssignImmutableWorkspaceStep::loadImmutableWorkspaceIfExists (118 bytes)
Event: 93.081 Thread 0x000002232549c250 nmethod 17009 0x000002230bb62810 code [0x000002230bb62b00, 0x000002230bb637e8]
Event: 93.081 Thread 0x000002232549c250 17010       3       org.gradle.internal.execution.steps.AssignImmutableWorkspaceStep::execute (10 bytes)
Event: 93.081 Thread 0x000002232549c250 nmethod 17010 0x000002230bb63d90 code [0x000002230bb63f40, 0x000002230bb64188]

GC Heap History (20 events):
Event: 19.821 GC heap before
{Heap before GC invocations=18 (full 0):
 garbage-first heap   total 139264K, used 109209K [0x0000000700000000, 0x0000000800000000)
  region size 2048K, 30 young (61440K), 5 survivors (10240K)
 Metaspace       used 67872K, committed 68544K, reserved 491520K
  class space    used 9436K, committed 9728K, reserved 425984K
}
Event: 19.841 GC heap after
{Heap after GC invocations=19 (full 0):
 garbage-first heap   total 139264K, used 64528K [0x0000000700000000, 0x0000000800000000)
  region size 2048K, 2 young (4096K), 2 survivors (4096K)
 Metaspace       used 67872K, committed 68544K, reserved 491520K
  class space    used 9436K, committed 9728K, reserved 425984K
}
Event: 20.668 GC heap before
{Heap before GC invocations=19 (full 0):
 garbage-first heap   total 139264K, used 107536K [0x0000000700000000, 0x0000000800000000)
  region size 2048K, 23 young (47104K), 2 survivors (4096K)
 Metaspace       used 72464K, committed 73088K, reserved 491520K
  class space    used 9834K, committed 10112K, reserved 425984K
}
Event: 20.680 GC heap after
{Heap after GC invocations=20 (full 0):
 garbage-first heap   total 294912K, used 68133K [0x0000000700000000, 0x0000000800000000)
  region size 2048K, 2 young (4096K), 2 survivors (4096K)
 Metaspace       used 72464K, committed 73088K, reserved 491520K
  class space    used 9834K, committed 10112K, reserved 425984K
}
Event: 25.549 GC heap before
{Heap before GC invocations=20 (full 0):
 garbage-first heap   total 294912K, used 231973K [0x0000000700000000, 0x0000000800000000)
  region size 2048K, 82 young (167936K), 2 survivors (4096K)
 Metaspace       used 85745K, committed 86400K, reserved 557056K
  class space    used 11405K, committed 11712K, reserved 425984K
}
Event: 25.563 GC heap after
{Heap after GC invocations=21 (full 0):
 garbage-first heap   total 294912K, used 76978K [0x0000000700000000, 0x0000000800000000)
  region size 2048K, 6 young (12288K), 6 survivors (12288K)
 Metaspace       used 85745K, committed 86400K, reserved 557056K
  class space    used 11405K, committed 11712K, reserved 425984K
}
Event: 27.217 GC heap before
{Heap before GC invocations=21 (full 0):
 garbage-first heap   total 294912K, used 189618K [0x0000000700000000, 0x0000000800000000)
  region size 2048K, 62 young (126976K), 6 survivors (12288K)
 Metaspace       used 99626K, committed 100288K, reserved 557056K
  class space    used 12880K, committed 13184K, reserved 425984K
}
Event: 27.227 GC heap after
{Heap after GC invocations=22 (full 0):
 garbage-first heap   total 294912K, used 82572K [0x0000000700000000, 0x0000000800000000)
  region size 2048K, 8 young (16384K), 8 survivors (16384K)
 Metaspace       used 99626K, committed 100288K, reserved 557056K
  class space    used 12880K, committed 13184K, reserved 425984K
}
Event: 29.711 GC heap before
{Heap before GC invocations=23 (full 0):
 garbage-first heap   total 294912K, used 234124K [0x0000000700000000, 0x0000000800000000)
  region size 2048K, 82 young (167936K), 8 survivors (16384K)
 Metaspace       used 107286K, committed 108032K, reserved 557056K
  class space    used 13893K, committed 14272K, reserved 425984K
}
Event: 29.723 GC heap after
{Heap after GC invocations=24 (full 0):
 garbage-first heap   total 294912K, used 93689K [0x0000000700000000, 0x0000000800000000)
  region size 2048K, 9 young (18432K), 9 survivors (18432K)
 Metaspace       used 107286K, committed 108032K, reserved 557056K
  class space    used 13893K, committed 14272K, reserved 425984K
}
Event: 32.879 GC heap before
{Heap before GC invocations=25 (full 0):
 garbage-first heap   total 294912K, used 241145K [0x0000000700000000, 0x0000000800000000)
  region size 2048K, 77 young (157696K), 9 survivors (18432K)
 Metaspace       used 117058K, committed 117952K, reserved 557056K
  class space    used 15346K, committed 15744K, reserved 425984K
}
Event: 32.888 GC heap after
{Heap after GC invocations=26 (full 0):
 garbage-first heap   total 294912K, used 101943K [0x0000000700000000, 0x0000000800000000)
  region size 2048K, 5 young (10240K), 5 survivors (10240K)
 Metaspace       used 117058K, committed 117952K, reserved 557056K
  class space    used 15346K, committed 15744K, reserved 425984K
}
Event: 34.646 GC heap before
{Heap before GC invocations=26 (full 0):
 garbage-first heap   total 294912K, used 239159K [0x0000000700000000, 0x0000000800000000)
  region size 2048K, 70 young (143360K), 5 survivors (10240K)
 Metaspace       used 125375K, committed 126208K, reserved 557056K
  class space    used 16449K, committed 16832K, reserved 425984K
}
Event: 34.653 GC heap after
{Heap after GC invocations=27 (full 0):
 garbage-first heap   total 294912K, used 109525K [0x0000000700000000, 0x0000000800000000)
  region size 2048K, 6 young (12288K), 6 survivors (12288K)
 Metaspace       used 125375K, committed 126208K, reserved 557056K
  class space    used 16449K, committed 16832K, reserved 425984K
}
Event: 42.891 GC heap before
{Heap before GC invocations=27 (full 0):
 garbage-first heap   total 294912K, used 238549K [0x0000000700000000, 0x0000000800000000)
  region size 2048K, 69 young (141312K), 6 survivors (12288K)
 Metaspace       used 126761K, committed 127680K, reserved 557056K
  class space    used 16533K, committed 16960K, reserved 425984K
}
Event: 42.961 GC heap after
{Heap after GC invocations=28 (full 0):
 garbage-first heap   total 294912K, used 125119K [0x0000000700000000, 0x0000000800000000)
  region size 2048K, 9 young (18432K), 9 survivors (18432K)
 Metaspace       used 126761K, committed 127680K, reserved 557056K
  class space    used 16533K, committed 16960K, reserved 425984K
}
Event: 45.817 GC heap before
{Heap before GC invocations=28 (full 0):
 garbage-first heap   total 294912K, used 233663K [0x0000000700000000, 0x0000000800000000)
  region size 2048K, 62 young (126976K), 9 survivors (18432K)
 Metaspace       used 131348K, committed 132352K, reserved 557056K
  class space    used 17023K, committed 17472K, reserved 425984K
}
Event: 45.838 GC heap after
{Heap after GC invocations=29 (full 0):
 garbage-first heap   total 294912K, used 131934K [0x0000000700000000, 0x0000000800000000)
  region size 2048K, 7 young (14336K), 7 survivors (14336K)
 Metaspace       used 131348K, committed 132352K, reserved 557056K
  class space    used 17023K, committed 17472K, reserved 425984K
}
Event: 48.912 GC heap before
{Heap before GC invocations=29 (full 0):
 garbage-first heap   total 294912K, used 232286K [0x0000000700000000, 0x0000000800000000)
  region size 2048K, 56 young (114688K), 7 survivors (14336K)
 Metaspace       used 138603K, committed 139648K, reserved 557056K
  class space    used 18118K, committed 18624K, reserved 425984K
}
Event: 48.927 GC heap after
{Heap after GC invocations=30 (full 0):
 garbage-first heap   total 294912K, used 141089K [0x0000000700000000, 0x0000000800000000)
  region size 2048K, 5 young (10240K), 5 survivors (10240K)
 Metaspace       used 138603K, committed 139648K, reserved 557056K
  class space    used 18118K, committed 18624K, reserved 425984K
}

Deoptimization events (20 events):
Event: 90.716 Thread 0x000002234afc2cf0 Uncommon trap: trap_request=0xffffffd6 fr.pc=0x000002231203199c relative=0x0000000000000afc
Event: 90.716 Thread 0x000002234afc2cf0 Uncommon trap: reason=array_check action=maybe_recompile pc=0x000002231203199c method=com.google.common.collect.RegularImmutableMap.fromEntryArrayCheckingBucketOverflow(I[Ljava/util/Map$Entry;Z)Lcom/google/common/collect/ImmutableMap; @ 220 c2
Event: 90.716 Thread 0x000002234afc2cf0 DEOPT PACKING pc=0x000002231203199c sp=0x0000008d270fced0
Event: 90.716 Thread 0x000002234afc2cf0 DEOPT UNPACKING pc=0x00000223111923a3 sp=0x0000008d270fce78 mode 2
Event: 90.719 Thread 0x000002234afc3b60 Uncommon trap: trap_request=0xffffffd6 fr.pc=0x000002231203199c relative=0x0000000000000afc
Event: 90.719 Thread 0x000002234afc3b60 Uncommon trap: reason=array_check action=maybe_recompile pc=0x000002231203199c method=com.google.common.collect.RegularImmutableMap.fromEntryArrayCheckingBucketOverflow(I[Ljava/util/Map$Entry;Z)Lcom/google/common/collect/ImmutableMap; @ 220 c2
Event: 90.719 Thread 0x000002234afc3b60 DEOPT PACKING pc=0x000002231203199c sp=0x0000008d271fd3f0
Event: 90.719 Thread 0x000002234afc3b60 DEOPT UNPACKING pc=0x00000223111923a3 sp=0x0000008d271fd398 mode 2
Event: 90.837 Thread 0x00000223477a85a0 Uncommon trap: trap_request=0xffffff45 fr.pc=0x0000022311f6cbd8 relative=0x00000000000008f8
Event: 90.837 Thread 0x00000223477a85a0 Uncommon trap: reason=unstable_if action=reinterpret pc=0x0000022311f6cbd8 method=org.gradle.internal.snapshot.PathUtil.equalChars(CCLorg/gradle/internal/snapshot/CaseSensitivity;)Z @ 11 c2
Event: 90.837 Thread 0x00000223477a85a0 DEOPT PACKING pc=0x0000022311f6cbd8 sp=0x0000008d1e4f1d70
Event: 90.837 Thread 0x00000223477a85a0 DEOPT UNPACKING pc=0x00000223111923a3 sp=0x0000008d1e4f1c90 mode 2
Event: 90.909 Thread 0x000002234afc4ea0 Uncommon trap: trap_request=0xfffffff4 fr.pc=0x0000022312041a98 relative=0x00000000000031b8
Event: 90.909 Thread 0x000002234afc4ea0 Uncommon trap: reason=null_check action=make_not_entrant pc=0x0000022312041a98 method=org.gradle.tooling.internal.provider.runner.ClientBuildEventGenerator$Disabled.accept(Lorg/gradle/internal/operations/BuildOperationDescriptor;)Lorg/gradle/tooling/inter
Event: 90.909 Thread 0x000002234afc4ea0 DEOPT PACKING pc=0x0000022312041a98 sp=0x0000008d275feae0
Event: 90.910 Thread 0x000002234afc4ea0 DEOPT UNPACKING pc=0x00000223111923a3 sp=0x0000008d275fea68 mode 2
Event: 93.002 Thread 0x00000223477a85a0 Uncommon trap: trap_request=0xffffff76 fr.pc=0x0000022312003fbc relative=0x000000000000007c
Event: 93.002 Thread 0x00000223477a85a0 Uncommon trap: reason=predicate action=maybe_recompile pc=0x0000022312003fbc method=java.util.ComparableTimSort.binarySort([Ljava/lang/Object;III)V @ 34 c2
Event: 93.002 Thread 0x00000223477a85a0 DEOPT PACKING pc=0x0000022312003fbc sp=0x0000008d1e4f3af0
Event: 93.002 Thread 0x00000223477a85a0 DEOPT UNPACKING pc=0x00000223111923a3 sp=0x0000008d1e4f3a98 mode 2

Classes unloaded (0 events):
No events

Classes redefined (0 events):
No events

Internal exceptions (20 events):
Event: 48.168 Thread 0x0000022347fc11e0 Exception <a 'java/lang/NoSuchMethodError'{0x000000070c14f868}: static Lorg/jetbrains/kotlin/daemon/common/CompileService$CallResult$Good;.<clinit>()V> (0x000000070c14f868) 
thrown [s\open\src\hotspot\share\prims\jni.cpp, line 1112]
Event: 48.168 Thread 0x0000022347fc11e0 Exception <a 'java/lang/NoSuchMethodError'{0x000000070c15cb00}: static Lorg/jetbrains/kotlin/daemon/common/DaemonJVMOptions;.<clinit>()V> (0x000000070c15cb00) 
thrown [s\open\src\hotspot\share\prims\jni.cpp, line 1112]
Event: 48.175 Thread 0x0000022347fc11e0 Exception <a 'java/lang/NoSuchMethodError'{0x000000070c1ae5f0}: 'int java.lang.invoke.DirectMethodHandle$Holder.invokeStatic(java.lang.Object, long)'> (0x000000070c1ae5f0) 
thrown [s\open\src\hotspot\share\interpreter\linkResolver.cpp, line 759]
Event: 48.180 Thread 0x0000022347fc11e0 Exception <a 'java/lang/NoSuchMethodError'{0x000000070be051b0}: 'int java.lang.invoke.DirectMethodHandle$Holder.invokeStatic(java.lang.Object, java.lang.Object, java.lang.Object, int)'> (0x000000070be051b0) 
thrown [s\open\src\hotspot\share\interpreter\linkResolver.cpp, line 759]
Event: 48.195 Thread 0x0000022347fc11e0 Exception <a 'java/lang/NoSuchMethodError'{0x000000070be3b290}: 'void java.lang.invoke.DirectMethodHandle$Holder.invokeStatic(java.lang.Object, long)'> (0x000000070be3b290) 
thrown [s\open\src\hotspot\share\interpreter\linkResolver.cpp, line 759]
Event: 48.197 Thread 0x0000022347fc11e0 Exception <a 'java/lang/NoSuchMethodError'{0x000000070be46288}: 'java.lang.Object java.lang.invoke.DirectMethodHandle$Holder.invokeStatic(java.lang.Object, java.lang.Object, long, java.lang.Object)'> (0x000000070be46288) 
thrown [s\open\src\hotspot\share\interpreter\linkResolver.cpp, line 759]
Event: 48.197 Thread 0x0000022347fc11e0 Exception <a 'java/lang/NoSuchMethodError'{0x000000070be49d08}: 'java.lang.Object java.lang.invoke.DirectMethodHandle$Holder.invokeStaticInit(java.lang.Object, java.lang.Object, long, java.lang.Object)'> (0x000000070be49d08) 
thrown [s\open\src\hotspot\share\interpreter\linkResolver.cpp, line 759]
Event: 48.209 Thread 0x0000022347fc4200 Implicit null exception at 0x00000223119c2bdd to 0x00000223119c2d64
Event: 48.819 Thread 0x0000022347fc4ba0 Exception <a 'java/lang/InterruptedException'{0x000000070bee5a18}> (0x000000070bee5a18) 
thrown [s\open\src\hotspot\share\runtime\objectMonitor.cpp, line 1671]
Event: 48.880 Thread 0x0000022347fc4200 Exception <a 'java/lang/InterruptedException'{0x000000070bf44e28}> (0x000000070bf44e28) 
thrown [s\open\src\hotspot\share\runtime\objectMonitor.cpp, line 1671]
Event: 48.894 Thread 0x0000022347fc11e0 Exception <a 'java/lang/NoSuchMethodError'{0x000000070bf383a0}: static Lorg/jetbrains/kotlin/daemon/common/CompileService$CallResult$Ok;.<clinit>()V> (0x000000070bf383a0) 
thrown [s\open\src\hotspot\share\prims\jni.cpp, line 1112]
Event: 48.940 Thread 0x0000022347fc11e0 Exception <a 'java/lang/NoSuchMethodError'{0x0000000711ed2bb8}: static [Ljava/lang/Integer;.<clinit>()V> (0x0000000711ed2bb8) 
thrown [s\open\src\hotspot\share\prims\jni.cpp, line 1112]
Event: 87.973 Thread 0x000002234b315780 Exception <a 'sun/nio/fs/WindowsException'{0x0000000711439418}> (0x0000000711439418) 
thrown [s\open\src\hotspot\share\prims\jni.cpp, line 516]
Event: 87.976 Thread 0x000002234b315780 Exception <a 'sun/nio/fs/WindowsException'{0x000000071143b950}> (0x000000071143b950) 
thrown [s\open\src\hotspot\share\prims\jni.cpp, line 516]
Event: 87.978 Thread 0x000002234b315780 Exception <a 'sun/nio/fs/WindowsException'{0x000000071143dbc8}> (0x000000071143dbc8) 
thrown [s\open\src\hotspot\share\prims\jni.cpp, line 516]
Event: 87.980 Thread 0x000002234b315780 Exception <a 'sun/nio/fs/WindowsException'{0x000000071143fad8}> (0x000000071143fad8) 
thrown [s\open\src\hotspot\share\prims\jni.cpp, line 516]
Event: 87.993 Thread 0x000002234b315780 Exception <a 'sun/nio/fs/WindowsException'{0x000000071145d5a8}> (0x000000071145d5a8) 
thrown [s\open\src\hotspot\share\prims\jni.cpp, line 516]
Event: 87.995 Thread 0x000002234b315780 Exception <a 'sun/nio/fs/WindowsException'{0x000000071145f748}> (0x000000071145f748) 
thrown [s\open\src\hotspot\share\prims\jni.cpp, line 516]
Event: 87.996 Thread 0x000002234b315780 Exception <a 'sun/nio/fs/WindowsException'{0x00000007114615d0}> (0x00000007114615d0) 
thrown [s\open\src\hotspot\share\prims\jni.cpp, line 516]
Event: 90.909 Thread 0x000002234afc4ea0 Implicit null exception at 0x000002231203eda8 to 0x0000022312041a84

VM Operations (20 events):
Event: 63.248 Executing VM operation: Cleanup done
Event: 64.249 Executing VM operation: Cleanup
Event: 64.249 Executing VM operation: Cleanup done
Event: 80.256 Executing VM operation: Cleanup
Event: 80.256 Executing VM operation: Cleanup done
Event: 83.258 Executing VM operation: Cleanup
Event: 83.258 Executing VM operation: Cleanup done
Event: 86.259 Executing VM operation: Cleanup
Event: 86.260 Executing VM operation: Cleanup done
Event: 87.949 Executing VM operation: HandshakeAllThreads
Event: 87.950 Executing VM operation: HandshakeAllThreads done
Event: 87.950 Executing VM operation: Cleanup
Event: 87.950 Executing VM operation: Cleanup done
Event: 88.951 Executing VM operation: Cleanup
Event: 88.951 Executing VM operation: Cleanup done
Event: 90.697 Executing VM operation: ICBufferFull
Event: 90.697 Executing VM operation: ICBufferFull done
Event: 91.698 Executing VM operation: Cleanup
Event: 91.980 Executing VM operation: Cleanup done
Event: 93.980 Executing VM operation: Cleanup

Events (20 events):
Event: 90.712 Thread 0x000002234afc49d0 Thread added: 0x000002234afc49d0
Event: 90.715 Thread 0x000002234afc3690 Thread added: 0x000002234afc3690
Event: 90.718 Thread 0x000002234afc4030 Thread added: 0x000002234afc4030
Event: 90.721 Thread 0x000002234afc4ea0 Thread added: 0x000002234afc4ea0
Event: 90.723 Thread 0x000002234afc5370 Thread added: 0x000002234afc5370
Event: 90.726 Thread 0x000002234afc1e80 Thread added: 0x000002234afc1e80
Event: 90.729 Thread 0x000002234afc61e0 Thread added: 0x000002234afc61e0
Event: 90.731 Thread 0x000002234afc5d10 Thread added: 0x000002234afc5d10
Event: 90.764 Thread 0x0000022358564970 Thread added: 0x0000022358564970
Event: 93.019 Thread 0x0000022358de8800 Thread added: 0x0000022358de8800
Event: 93.021 Thread 0x0000022358de74c0 Thread added: 0x0000022358de74c0
Event: 93.022 Thread 0x0000022358de8cd0 Thread added: 0x0000022358de8cd0
Event: 93.023 Thread 0x0000022358de6650 Thread added: 0x0000022358de6650
Event: 93.024 Thread 0x0000022358de6b20 Thread added: 0x0000022358de6b20
Event: 93.024 Thread 0x0000022358de7990 Thread added: 0x0000022358de7990
Event: 93.025 Thread 0x0000022358de6ff0 Thread added: 0x0000022358de6ff0
Event: 93.025 Thread 0x0000022358de7e60 Thread added: 0x0000022358de7e60
Event: 93.026 Thread 0x0000022358de8330 Thread added: 0x0000022358de8330
Event: 93.026 Thread 0x0000022358de57e0 Thread added: 0x0000022358de57e0
Event: 93.027 Thread 0x0000022358de91a0 Thread added: 0x0000022358de91a0


Dynamic libraries:
0x00007ff730980000 - 0x00007ff730990000 	D:\Development\Java\jdk-17.0.18\bin\java.exe
0x00007ff8f5e40000 - 0x00007ff8f60a8000 	C:\WINDOWS\SYSTEM32\ntdll.dll
0x00007ff8f4d50000 - 0x00007ff8f4e19000 	C:\WINDOWS\System32\KERNEL32.DLL
0x00007ff8f2930000 - 0x00007ff8f2d21000 	C:\WINDOWS\System32\KERNELBASE.dll
0x00007ff8f2720000 - 0x00007ff8f286b000 	C:\WINDOWS\System32\ucrtbase.dll
0x00007ff8ed150000 - 0x00007ff8ed169000 	D:\Development\Java\jdk-17.0.18\bin\jli.dll
0x00007ff8ed170000 - 0x00007ff8ed18e000 	D:\Development\Java\jdk-17.0.18\bin\VCRUNTIME140.dll
0x00007ff8f49d0000 - 0x00007ff8f4a84000 	C:\WINDOWS\System32\ADVAPI32.dll
0x00007ff8f3be0000 - 0x00007ff8f3c89000 	C:\WINDOWS\System32\msvcrt.dll
0x00007ff8f5d50000 - 0x00007ff8f5df6000 	C:\WINDOWS\System32\sechost.dll
0x00007ff8f5470000 - 0x00007ff8f5588000 	C:\WINDOWS\System32\RPCRT4.dll
0x00007ff8f3ce0000 - 0x00007ff8f3ea6000 	C:\WINDOWS\System32\USER32.dll
0x00007ff8f2870000 - 0x00007ff8f2897000 	C:\WINDOWS\System32\win32u.dll
0x00007ff8d81d0000 - 0x00007ff8d8463000 	C:\WINDOWS\WinSxS\amd64_microsoft.windows.common-controls_6595b64144ccf1df_6.0.26100.7653_none_3e0b88a0e3318624\COMCTL32.dll
0x00007ff8f4e20000 - 0x00007ff8f4e4b000 	C:\WINDOWS\System32\GDI32.dll
0x00007ff8f3870000 - 0x00007ff8f399b000 	C:\WINDOWS\System32\gdi32full.dll
0x00007ff8f2d30000 - 0x00007ff8f2dd3000 	C:\WINDOWS\System32\msvcp_win.dll
0x00007ff8e9530000 - 0x00007ff8e953b000 	C:\WINDOWS\SYSTEM32\VERSION.dll
0x00007ff8f4990000 - 0x00007ff8f49c1000 	C:\WINDOWS\System32\IMM32.DLL
0x00007ff8d1e40000 - 0x00007ff8d1f32000 	C:\Program Files\Windhawk\Engine\1.7.3\64\windhawk.dll
0x00007ff8d0720000 - 0x00007ff8d074a000 	C:\ProgramData\Windhawk\Engine\Mods\64\explorer-details-better-file-sizes_1.5_437565.dll
0x00007ff8f4680000 - 0x00007ff8f4817000 	C:\WINDOWS\System32\ole32.dll
0x00007ff8f50e0000 - 0x00007ff8f5466000 	C:\WINDOWS\System32\combase.dll
0x00007ff8f4c20000 - 0x00007ff8f4cf7000 	C:\WINDOWS\System32\OLEAUT32.dll
0x00007ff8f3eb0000 - 0x00007ff8f4601000 	C:\WINDOWS\System32\SHELL32.dll
0x00007ff8d04b0000 - 0x00007ff8d0659000 	C:\ProgramData\Windhawk\Engine\Mods\64\libc++.whl
0x00007ff8f3650000 - 0x00007ff8f37ba000 	C:\WINDOWS\System32\wintypes.dll
0x00007ff8eb250000 - 0x00007ff8eb353000 	C:\WINDOWS\SYSTEM32\PROPSYS.dll
0x00007ff8d0660000 - 0x00007ff8d069a000 	C:\ProgramData\Windhawk\Engine\Mods\64\libunwind.whl
0x00007ff8ed140000 - 0x00007ff8ed14c000 	D:\Development\Java\jdk-17.0.18\bin\vcruntime140_1.dll
0x00007ff8d2650000 - 0x00007ff8d26dd000 	D:\Development\Java\jdk-17.0.18\bin\msvcp140.dll
0x00007ff87dbf0000 - 0x00007ff87e7d4000 	D:\Development\Java\jdk-17.0.18\bin\server\jvm.dll
0x00007ff8f4e50000 - 0x00007ff8f4e58000 	C:\WINDOWS\System32\PSAPI.DLL
0x00007ff8eb220000 - 0x00007ff8eb22a000 	C:\WINDOWS\SYSTEM32\WSOCK32.dll
0x00007ff8e9d60000 - 0x00007ff8e9d95000 	C:\WINDOWS\SYSTEM32\WINMM.dll
0x00007ff8f4a90000 - 0x00007ff8f4b04000 	C:\WINDOWS\System32\WS2_32.dll
0x00007ff8f14d0000 - 0x00007ff8f14eb000 	C:\WINDOWS\SYSTEM32\kernel.appcore.dll
0x00007ff8e9540000 - 0x00007ff8e954a000 	D:\Development\Java\jdk-17.0.18\bin\jimage.dll
0x00007ff8f06a0000 - 0x00007ff8f08e2000 	C:\WINDOWS\SYSTEM32\DBGHELP.DLL
0x00007ff8d6850000 - 0x00007ff8d688b000 	C:\WINDOWS\SYSTEM32\dbgcore.DLL
0x00007ff8f37c0000 - 0x00007ff8f3865000 	C:\WINDOWS\System32\bcryptPrimitives.dll
0x00007ff8e6730000 - 0x00007ff8e673f000 	D:\Development\Java\jdk-17.0.18\bin\instrument.dll
0x00007ff8de5d0000 - 0x00007ff8de5f6000 	D:\Development\Java\jdk-17.0.18\bin\java.dll
0x00007ff8c7090000 - 0x00007ff8c7167000 	D:\Development\Java\jdk-17.0.18\bin\jsvml.dll
0x00007ff8f2de0000 - 0x00007ff8f3644000 	C:\WINDOWS\System32\windows.storage.dll
0x00007ff8f4b10000 - 0x00007ff8f4c06000 	C:\WINDOWS\System32\SHCORE.dll
0x00007ff8f4920000 - 0x00007ff8f4987000 	C:\WINDOWS\System32\shlwapi.dll
0x00007ff8f2640000 - 0x00007ff8f2668000 	C:\WINDOWS\System32\profapi.dll
0x00007ff8d2980000 - 0x00007ff8d2998000 	D:\Development\Java\jdk-17.0.18\bin\zip.dll
0x00007ff8d2630000 - 0x00007ff8d264b000 	D:\Development\Java\jdk-17.0.18\bin\net.dll
0x00007ff8e90a0000 - 0x00007ff8e91c7000 	C:\WINDOWS\SYSTEM32\WINHTTP.dll
0x00007ff8f1a40000 - 0x00007ff8f1aab000 	C:\WINDOWS\system32\mswsock.dll
0x00007ff8d2610000 - 0x00007ff8d2626000 	D:\Development\Java\jdk-17.0.18\bin\nio.dll
0x00007ff8e6720000 - 0x00007ff8e6730000 	D:\Development\Java\jdk-17.0.18\bin\verify.dll
0x00007ff8ed190000 - 0x00007ff8ed1b7000 	C:\Users\Dinesh\.gradle\native\1def1411415f61bf3af743bc5b6707747c0891f09f0c88961ee8f79bc544acac\windows-amd64\native-platform.dll
0x00007ff8ce4b0000 - 0x00007ff8ce528000 	C:\Users\Dinesh\.gradle\native\0.2.7\x86_64-windows-gnu\gradle-fileevents.dll
0x00007ff8d25d0000 - 0x00007ff8d25da000 	D:\Development\Java\jdk-17.0.18\bin\management.dll
0x00007ff8d25c0000 - 0x00007ff8d25cc000 	D:\Development\Java\jdk-17.0.18\bin\management_ext.dll
0x00007ff8f0eb0000 - 0x00007ff8f0ee4000 	C:\WINDOWS\SYSTEM32\IPHLPAPI.DLL
0x00007ff8f4c10000 - 0x00007ff8f4c1a000 	C:\WINDOWS\System32\NSI.dll
0x00007ff8e9d30000 - 0x00007ff8e9d4e000 	C:\WINDOWS\SYSTEM32\dhcpcsvc6.DLL
0x00007ff8e9d00000 - 0x00007ff8e9d23000 	C:\WINDOWS\SYSTEM32\dhcpcsvc.DLL
0x00007ff8f0f40000 - 0x00007ff8f106c000 	C:\WINDOWS\SYSTEM32\DNSAPI.dll
0x00007ff8f1d10000 - 0x00007ff8f1d2b000 	C:\WINDOWS\SYSTEM32\CRYPTSP.dll
0x00007ff8f1430000 - 0x00007ff8f1469000 	C:\WINDOWS\system32\rsaenh.dll
0x00007ff8f1af0000 - 0x00007ff8f1b1b000 	C:\WINDOWS\SYSTEM32\USERENV.dll
0x00007ff8f2610000 - 0x00007ff8f263a000 	C:\WINDOWS\SYSTEM32\bcrypt.dll
0x00007ff8f1d00000 - 0x00007ff8f1d0c000 	C:\WINDOWS\SYSTEM32\CRYPTBASE.dll
0x00007ff8d25b0000 - 0x00007ff8d25be000 	D:\Development\Java\jdk-17.0.18\bin\sunmscapi.dll
0x00007ff8f3a60000 - 0x00007ff8f3bd7000 	C:\WINDOWS\System32\CRYPT32.dll
0x00007ff8f1f20000 - 0x00007ff8f1f50000 	C:\WINDOWS\SYSTEM32\ncrypt.dll
0x00007ff8f1ed0000 - 0x00007ff8f1f0f000 	C:\WINDOWS\SYSTEM32\NTASN1.dll
0x00007ff8d9670000 - 0x00007ff8d9678000 	C:\WINDOWS\system32\wshunix.dll
0x00007ff8c9870000 - 0x00007ff8c9888000 	C:\WINDOWS\system32\napinsp.dll
0x00007ff8c9820000 - 0x00007ff8c9832000 	C:\WINDOWS\System32\winrnr.dll
0x00007ff8c97f0000 - 0x00007ff8c9812000 	C:\WINDOWS\system32\nlansp_c.dll
0x00007ff8c97d0000 - 0x00007ff8c97e6000 	C:\WINDOWS\system32\wshbth.dll
0x00007ff8de9a0000 - 0x00007ff8de9ab000 	C:\Windows\System32\rasadhlp.dll
0x00007ff8e65a0000 - 0x00007ff8e6626000 	C:\WINDOWS\System32\fwpuclnt.dll
0x00007ff8ea410000 - 0x00007ff8ea417000 	D:\Development\Java\jdk-17.0.18\bin\rmi.dll

dbghelp: loaded successfully - version: 4.0.5 - missing functions: none
symbol engine: initialized successfully - sym options: 0x614 - pdb path: .;D:\Development\Java\jdk-17.0.18\bin;C:\WINDOWS\SYSTEM32;C:\WINDOWS\WinSxS\amd64_microsoft.windows.common-controls_6595b64144ccf1df_6.0.26100.7653_none_3e0b88a0e3318624;C:\Program Files\Windhawk\Engine\1.7.3\64;C:\ProgramData\Windhawk\Engine\Mods\64;D:\Development\Java\jdk-17.0.18\bin\server;C:\Users\Dinesh\.gradle\native\1def1411415f61bf3af743bc5b6707747c0891f09f0c88961ee8f79bc544acac\windows-amd64;C:\Users\Dinesh\.gradle\native\0.2.7\x86_64-windows-gnu

VM Arguments:
jvm_args: --add-opens=java.base/java.lang=ALL-UNNAMED --add-opens=java.base/java.lang.invoke=ALL-UNNAMED --add-opens=java.base/java.util=ALL-UNNAMED --add-opens=java.prefs/java.util.prefs=ALL-UNNAMED --add-exports=jdk.compiler/com.sun.tools.javac.api=ALL-UNNAMED --add-exports=jdk.compiler/com.sun.tools.javac.util=ALL-UNNAMED --add-opens=java.base/java.util=ALL-UNNAMED --add-opens=java.prefs/java.util.prefs=ALL-UNNAMED --add-opens=java.base/java.nio.charset=ALL-UNNAMED --add-opens=java.base/java.net=ALL-UNNAMED --add-opens=java.base/java.util.concurrent.atomic=ALL-UNNAMED --add-opens=java.xml/javax.xml.namespace=ALL-UNNAMED -XX:MaxMetaspaceSize=512M -Xmx4096M -Dfile.encoding=UTF-8 -Duser.country=IN -Duser.language=en -Duser.variant -javaagent:C:\Users\Dinesh\.gradle\wrapper\dists\gradle-8.14-all\c2qonpi39x1mddn7hk5gh9iqj\gradle-8.14\lib\agents\gradle-instrumentation-agent-8.14.jar 
java_command: org.gradle.launcher.daemon.bootstrap.GradleDaemon 8.14
java_class_path (initial): C:\Users\Dinesh\.gradle\wrapper\dists\gradle-8.14-all\c2qonpi39x1mddn7hk5gh9iqj\gradle-8.14\lib\gradle-daemon-main-8.14.jar
Launcher Type: SUN_STANDARD

[Global flags]
     intx CICompilerCount                          = 4                                         {product} {ergonomic}
   size_t CompressedClassSpaceSize                 = 436207616                                 {product} {ergonomic}
     uint ConcGCThreads                            = 3                                         {product} {ergonomic}
     uint G1ConcRefinementThreads                  = 10                                        {product} {ergonomic}
   size_t G1HeapRegionSize                         = 2097152                                   {product} {ergonomic}
    uintx GCDrainStackTargetSize                   = 64                                        {product} {ergonomic}
   size_t InitialHeapSize                          = 264241152                                 {product} {ergonomic}
   size_t MarkStackSize                            = 4194304                                   {product} {ergonomic}
   size_t MaxHeapSize                              = 4294967296                                {product} {command line}
   size_t MaxMetaspaceSize                         = 536870912                                 {product} {command line}
   size_t MaxNewSize                               = 2575302656                                {product} {ergonomic}
   size_t MinHeapDeltaBytes                        = 2097152                                   {product} {ergonomic}
   size_t MinHeapSize                              = 8388608                                   {product} {ergonomic}
    uintx NonNMethodCodeHeapSize                   = 5839372                                {pd product} {ergonomic}
    uintx NonProfiledCodeHeapSize                  = 122909434                              {pd product} {ergonomic}
    uintx ProfiledCodeHeapSize                     = 122909434                              {pd product} {ergonomic}
    uintx ReservedCodeCacheSize                    = 251658240                              {pd product} {ergonomic}
     bool SegmentedCodeCache                       = true                                      {product} {ergonomic}
   size_t SoftMaxHeapSize                          = 4294967296                             {manageable} {ergonomic}
     bool UseCompressedClassPointers               = true                           {product lp64_product} {ergonomic}
     bool UseCompressedOops                        = true                           {product lp64_product} {ergonomic}
     bool UseG1GC                                  = true                                      {product} {ergonomic}
     bool UseLargePagesIndividualAllocation        = false                                  {pd product} {ergonomic}

Logging:
Log output configuration:
 #0: stdout all=warning uptime,level,tags
 #1: stderr all=off uptime,level,tags

Environment Variables:
JAVA_HOME=D:\Development\Java\jdk-17.0.18
PATH=C:\WINDOWS\system32;C:\WINDOWS;C:\WINDOWS\System32\Wbem;C:\WINDOWS\System32\WindowsPowerShell\v1.0\;C:\WINDOWS\System32\OpenSSH\;C:\Program Files\dotnet\;C:\Program Files (x86)\NVIDIA Corporation\PhysX\Common;C:\Program Files\Git\cmd;C:\Program Files\NVIDIA Corporation\NVIDIA App\NvDLISR;D:\Development\Flutter\flutter\bin;D:\Development\Java\jdk-17.0.18\bin;C:\Users\Dinesh\.local\bin;C:\Program Files\MySQL\MySQL Shell 8.0\bin\;C:\Users\Dinesh\AppData\Local\Programs\Python\Python311\Scripts\;C:\Users\Dinesh\AppData\Local\Programs\Python\Python311\;C:\Users\Dinesh\AppData\Local\Programs\Python\Launcher\;C:\Users\Dinesh\AppData\Local\Microsoft\WindowsApps;C:\Program Files\JetBrains\PyCharm 2025.3.1.1\bin;C:\Users\Dinesh\AppData\Local\Programs\Microsoft VS Code\bin;C:\Users\Dinesh\AppData\Local\Programs\Antigravity\bin;
USERNAME=Dinesh
OS=Windows_NT
PROCESSOR_IDENTIFIER=Intel64 Family 6 Model 186 Stepping 2, GenuineIntel



---------------  S Y S T E M  ---------------

OS:
 Windows 11 , 64 bit Build 26100 (10.0.26100.7653)
OS uptime: 0 days 0:45 hours
Hyper-V role detected

CPU: total 12 (initial active 12) (6 cores per cpu, 2 threads per core) family 6 model 186 stepping 2 microcode 0x4114, cx8, cmov, fxsr, ht, mmx, 3dnowpref, sse, sse2, sse3, ssse3, sse4.1, sse4.2, popcnt, lzcnt, tsc, tscinvbit, avx, avx2, aes, erms, clmul, bmi1, bmi2, adx, sha, fma, vzeroupper, clflush, clflushopt, clwb, hv

Memory: 4k page, system-wide physical 16071M (3806M free)
TotalPageFile size 16071M (AvailPageFile size 2M)
current process WorkingSet (physical memory assigned to process): 658M, peak: 660M
current process commit charge ("private bytes"): 702M, peak: 703M

vm_info: Java HotSpot(TM) 64-Bit Server VM (17.0.18+8-LTS-264) for windows-amd64 JRE (17.0.18+8-LTS-264), built on Dec 18 2025 09:51:58 by "mach5run" with MS VC++ 17.13 (VS2022)

END.
